../Core/Src/main.c:105:5:main	72	static
../Core/Src/main.c:185:6:SystemClock_Config	72	static
../Core/Src/main.c:225:13:MX_TIM2_Init	64	static
../Core/Src/main.c:288:13:MX_TIM3_Init	32	static
../Core/Src/main.c:333:13:MX_GPIO_Init	40	static
../Core/Src/main.c:391:6:Drive	8	static
../Core/Src/main.c:427:6:HAL_GPIO_EXTI_Callback	16	static
../Core/Src/main.c:442:6:setMotor	16	static
../Core/Src/main.c:457:6:calculateSpeedPID	16	static
../Core/Src/main.c:483:6:StartDefaultTask	16	static
../Core/Src/main.c:502:6:StartTask02	16	static
../Core/Src/main.c:522:6:HAL_TIM_PeriodElapsedCallback	24	static
../Core/Src/main.c:564:6:Error_Handler	4	static,ignoring_inline_asm
