../Core/Src/main.c:109:5:main	72	static
../Core/Src/main.c:191:6:SystemClock_Config	72	static
../Core/Src/main.c:231:13:MX_TIM2_Init	64	static
../Core/Src/main.c:294:13:MX_TIM3_Init	32	static
../Core/Src/main.c:339:13:MX_USART1_UART_Init	8	static
../Core/Src/main.c:372:13:MX_GPIO_Init	40	static
../Core/Src/main.c:430:6:HAL_UART_RxCpltCallback	16	static
../Core/Src/main.c:435:6:drivePosition	8	static
../Core/Src/main.c:460:6:HAL_GPIO_EXTI_Callback	16	static
../Core/Src/main.c:476:6:driveSpeed	16	static
../Core/Src/main.c:491:6:calculatePIDSpeed	16	static
../Core/Src/main.c:518:6:calculatePIDPosition	16	static
../Core/Src/main.c:554:6:Start_task_speed	16	static
../Core/Src/main.c:573:6:Start_task_pos	16	static
../Core/Src/main.c:593:6:HAL_TIM_PeriodElapsedCallback	24	static
../Core/Src/main.c:624:6:Error_Handler	4	static,ignoring_inline_asm
