../Core/Src/main.c:102:5:main	72	static
../Core/Src/main.c:182:6:SystemClock_Config	72	static
../Core/Src/main.c:222:13:MX_TIM2_Init	64	static
../Core/Src/main.c:285:13:MX_TIM3_Init	32	static
../Core/Src/main.c:330:13:MX_GPIO_Init	40	static
../Core/Src/main.c:388:6:Drive	8	static
../Core/Src/main.c:409:6:HAL_GPIO_EXTI_Callback	16	static
../Core/Src/main.c:422:6:setMotor	16	static
../Core/Src/main.c:436:6:PID_SPEED	16	static
../Core/Src/main.c:456:6:Start_task_speed	16	static
../Core/Src/main.c:475:6:Start_task_pos	16	static
../Core/Src/main.c:494:6:HAL_TIM_PeriodElapsedCallback	24	static
../Core/Src/main.c:529:6:Error_Handler	4	static,ignoring_inline_asm
