Archive member included to satisfy reference by file (symbol)

c:/st/stm32cubeide_1.11.0/stm32cubeide/plugins/com.st.stm32cube.ide.mcu.externaltools.gnu-tools-for-stm32.10.3-2021.10.win32_1.0.100.202210260954/tools/bin/../lib/gcc/arm-none-eabi/10.3.1/../../../../arm-none-eabi/lib/thumb/v7-m/nofp\libc_nano.a(lib_a-errno.o)
                              ./Core/Src/syscalls.o (__errno)
c:/st/stm32cubeide_1.11.0/stm32cubeide/plugins/com.st.stm32cube.ide.mcu.externaltools.gnu-tools-for-stm32.10.3-2021.10.win32_1.0.100.202210260954/tools/bin/../lib/gcc/arm-none-eabi/10.3.1/../../../../arm-none-eabi/lib/thumb/v7-m/nofp\libc_nano.a(lib_a-exit.o)
                              c:/st/stm32cubeide_1.11.0/stm32cubeide/plugins/com.st.stm32cube.ide.mcu.externaltools.gnu-tools-for-stm32.10.3-2021.10.win32_1.0.100.202210260954/tools/bin/../lib/gcc/arm-none-eabi/10.3.1/../../../../arm-none-eabi/lib/thumb/v7-m/nofp/crt0.o (exit)
c:/st/stm32cubeide_1.11.0/stm32cubeide/plugins/com.st.stm32cube.ide.mcu.externaltools.gnu-tools-for-stm32.10.3-2021.10.win32_1.0.100.202210260954/tools/bin/../lib/gcc/arm-none-eabi/10.3.1/../../../../arm-none-eabi/lib/thumb/v7-m/nofp\libc_nano.a(lib_a-impure.o)
                              c:/st/stm32cubeide_1.11.0/stm32cubeide/plugins/com.st.stm32cube.ide.mcu.externaltools.gnu-tools-for-stm32.10.3-2021.10.win32_1.0.100.202210260954/tools/bin/../lib/gcc/arm-none-eabi/10.3.1/../../../../arm-none-eabi/lib/thumb/v7-m/nofp\libc_nano.a(lib_a-exit.o) (_global_impure_ptr)
c:/st/stm32cubeide_1.11.0/stm32cubeide/plugins/com.st.stm32cube.ide.mcu.externaltools.gnu-tools-for-stm32.10.3-2021.10.win32_1.0.100.202210260954/tools/bin/../lib/gcc/arm-none-eabi/10.3.1/../../../../arm-none-eabi/lib/thumb/v7-m/nofp\libc_nano.a(lib_a-init.o)
                              c:/st/stm32cubeide_1.11.0/stm32cubeide/plugins/com.st.stm32cube.ide.mcu.externaltools.gnu-tools-for-stm32.10.3-2021.10.win32_1.0.100.202210260954/tools/bin/../lib/gcc/arm-none-eabi/10.3.1/../../../../arm-none-eabi/lib/thumb/v7-m/nofp/crt0.o (__libc_init_array)
c:/st/stm32cubeide_1.11.0/stm32cubeide/plugins/com.st.stm32cube.ide.mcu.externaltools.gnu-tools-for-stm32.10.3-2021.10.win32_1.0.100.202210260954/tools/bin/../lib/gcc/arm-none-eabi/10.3.1/../../../../arm-none-eabi/lib/thumb/v7-m/nofp\libc_nano.a(lib_a-memcpy-stub.o)
                              ./Middlewares/Third_Party/FreeRTOS/Source/queue.o (memcpy)
c:/st/stm32cubeide_1.11.0/stm32cubeide/plugins/com.st.stm32cube.ide.mcu.externaltools.gnu-tools-for-stm32.10.3-2021.10.win32_1.0.100.202210260954/tools/bin/../lib/gcc/arm-none-eabi/10.3.1/../../../../arm-none-eabi/lib/thumb/v7-m/nofp\libc_nano.a(lib_a-memset.o)
                              c:/st/stm32cubeide_1.11.0/stm32cubeide/plugins/com.st.stm32cube.ide.mcu.externaltools.gnu-tools-for-stm32.10.3-2021.10.win32_1.0.100.202210260954/tools/bin/../lib/gcc/arm-none-eabi/10.3.1/../../../../arm-none-eabi/lib/thumb/v7-m/nofp/crt0.o (memset)
c:/st/stm32cubeide_1.11.0/stm32cubeide/plugins/com.st.stm32cube.ide.mcu.externaltools.gnu-tools-for-stm32.10.3-2021.10.win32_1.0.100.202210260954/tools/bin/../lib/gcc/arm-none-eabi/10.3.1/thumb/v7-m/nofp\libgcc.a(_arm_muldf3.o)
                              ./Core/Src/main.o (__aeabi_dmul)
c:/st/stm32cubeide_1.11.0/stm32cubeide/plugins/com.st.stm32cube.ide.mcu.externaltools.gnu-tools-for-stm32.10.3-2021.10.win32_1.0.100.202210260954/tools/bin/../lib/gcc/arm-none-eabi/10.3.1/thumb/v7-m/nofp\libgcc.a(_arm_mulsf3.o)
                              ./Core/Src/main.o (__aeabi_fmul)
c:/st/stm32cubeide_1.11.0/stm32cubeide/plugins/com.st.stm32cube.ide.mcu.externaltools.gnu-tools-for-stm32.10.3-2021.10.win32_1.0.100.202210260954/tools/bin/../lib/gcc/arm-none-eabi/10.3.1/thumb/v7-m/nofp\libgcc.a(_arm_addsubdf3.o)
                              ./Core/Src/main.o (__aeabi_dadd)
c:/st/stm32cubeide_1.11.0/stm32cubeide/plugins/com.st.stm32cube.ide.mcu.externaltools.gnu-tools-for-stm32.10.3-2021.10.win32_1.0.100.202210260954/tools/bin/../lib/gcc/arm-none-eabi/10.3.1/thumb/v7-m/nofp\libgcc.a(_arm_muldivdf3.o)
                              ./Core/Src/main.o (__aeabi_ddiv)
c:/st/stm32cubeide_1.11.0/stm32cubeide/plugins/com.st.stm32cube.ide.mcu.externaltools.gnu-tools-for-stm32.10.3-2021.10.win32_1.0.100.202210260954/tools/bin/../lib/gcc/arm-none-eabi/10.3.1/thumb/v7-m/nofp\libgcc.a(_arm_cmpdf2.o)
                              ./Core/Src/main.o (__aeabi_dcmplt)
c:/st/stm32cubeide_1.11.0/stm32cubeide/plugins/com.st.stm32cube.ide.mcu.externaltools.gnu-tools-for-stm32.10.3-2021.10.win32_1.0.100.202210260954/tools/bin/../lib/gcc/arm-none-eabi/10.3.1/thumb/v7-m/nofp\libgcc.a(_arm_truncdfsf2.o)
                              ./Core/Src/main.o (__aeabi_d2f)
c:/st/stm32cubeide_1.11.0/stm32cubeide/plugins/com.st.stm32cube.ide.mcu.externaltools.gnu-tools-for-stm32.10.3-2021.10.win32_1.0.100.202210260954/tools/bin/../lib/gcc/arm-none-eabi/10.3.1/thumb/v7-m/nofp\libgcc.a(_arm_addsubsf3.o)
                              ./Core/Src/main.o (__aeabi_fsub)
[...]
Memory Configuration

Name             Origin             Length             Attributes
RAM              0x0000000020000000 0x0000000000005000 xrw
FLASH            0x0000000008000000 0x0000000000010000 xr
*default*        0x0000000000000000 0xffffffffffffffff

Linker script and memory map

LOAD c:/st/stm32cubeide_1.11.0/stm32cubeide/plugins/com.st.stm32cube.ide.mcu.externaltools.gnu-tools-for-stm32.10.3-2021.10.win32_1.0.100.202210260954/tools/bin/../lib/gcc/arm-none-eabi/10.3.1/thumb/v7-m/nofp/crti.o
LOAD c:/st/stm32cubeide_1.11.0/stm32cubeide/plugins/com.st.stm32cube.ide.mcu.externaltools.gnu-tools-for-stm32.10.3-2021.10.win32_1.0.100.202210260954/tools/bin/../lib/gcc/arm-none-eabi/10.3.1/thumb/v7-m/nofp/crtbegin.o
LOAD c:/st/stm32cubeide_1.11.0/stm32cubeide/plugins/com.st.stm32cube.ide.mcu.externaltools.gnu-tools-for-stm32.10.3-2021.10.win32_1.0.100.202210260954/tools/bin/../lib/gcc/arm-none-eabi/10.3.1/../../../../arm-none-eabi/lib/thumb/v7-m/nofp/crt0.o
LOAD ./Core/Src/freertos.o
LOAD ./Core/Src/main.o
LOAD ./Core/Src/stm32f1xx_hal_msp.o
LOAD ./Core/Src/stm32f1xx_hal_timebase_tim.o
LOAD ./Core/Src/stm32f1xx_it.o
LOAD ./Core/Src/syscalls.o
LOAD ./Core/Src/sysmem.o
LOAD ./Core/Src/system_stm32f1xx.o
LOAD ./Core/Startup/startup_stm32f103c8tx.o
LOAD ./Drivers/STM32F1xx_HAL_Driver/Src/stm32f1xx_hal.o
LOAD ./Drivers/STM32F1xx_HAL_Driver/Src/stm32f1xx_hal_cortex.o
LOAD ./Drivers/STM32F1xx_HAL_Driver/Src/stm32f1xx_hal_dma.o
LOAD ./Drivers/STM32F1xx_HAL_Driver/Src/stm32f1xx_hal_exti.o
LOAD ./Drivers/STM32F1xx_HAL_Driver/Src/stm32f1xx_hal_flash.o
LOAD ./Drivers/STM32F1xx_HAL_Driver/Src/stm32f1xx_hal_flash_ex.o
LOAD ./Drivers/STM32F1xx_HAL_Driver/Src/stm32f1xx_hal_gpio.o
LOAD ./Drivers/STM32F1xx_HAL_Driver/Src/stm32f1xx_hal_gpio_ex.o
LOAD ./Drivers/STM32F1xx_HAL_Driver/Src/stm32f1xx_hal_pwr.o
LOAD ./Drivers/STM32F1xx_HAL_Driver/Src/stm32f1xx_hal_rcc.o
LOAD ./Drivers/STM32F1xx_HAL_Driver/Src/stm32f1xx_hal_rcc_ex.o
LOAD ./Drivers/STM32F1xx_HAL_Driver/Src/stm32f1xx_hal_tim.o
LOAD ./Drivers/STM32F1xx_HAL_Driver/Src/stm32f1xx_hal_tim_ex.o
LOAD ./Drivers/STM32F1xx_HAL_Driver/Src/stm32f1xx_hal_uart.o
LOAD ./Middlewares/Third_Party/FreeRTOS/Source/CMSIS_RTOS/cmsis_os.o
LOAD ./Middlewares/Third_Party/FreeRTOS/Source/croutine.o
LOAD ./Middlewares/Third_Party/FreeRTOS/Source/event_groups.o
LOAD ./Middlewares/Third_Party/FreeRTOS/Source/list.o
LOAD ./Middlewares/Third_Party/FreeRTOS/Source/queue.o
LOAD ./Middlewares/Third_Party/FreeRTOS/Source/stream_buffer.o
LOAD ./Middlewares/Third_Party/FreeRTOS/Source/tasks.o
LOAD ./Middlewares/Third_Party/FreeRTOS/Source/timers.o
LOAD ./Middlewares/Third_Party/FreeRTOS/Source/portable/GCC/ARM_CM3/port.o
LOAD ./Middlewares/Third_Party/FreeRTOS/Source/portable/MemMang/heap_4.o
START GROUP
LOAD c:/st/stm32cubeide_1.11.0/stm32cubeide/plugins/com.st.stm32cube.ide.mcu.externaltools.gnu-tools-for-stm32.10.3-2021.10.win32_1.0.100.202210260954/tools/bin/../lib/gcc/arm-none-eabi/10.3.1/../../../../arm-none-eabi/lib/thumb/v7-m/nofp\libc_nano.a
LOAD c:/st/stm32cubeide_1.11.0/stm32cubeide/plugins/com.st.stm32cube.ide.mcu.externaltools.gnu-tools-for-stm32.10.3-2021.10.win32_1.0.100.202210260954/tools/bin/../lib/gcc/arm-none-eabi/10.3.1/../../../../arm-none-eabi/lib/thumb/v7-m/nofp\libm.a
END GROUP
START GROUP
LOAD c:/st/stm32cubeide_1.11.0/stm32cubeide/plugins/com.st.stm32cube.ide.mcu.externaltools.gnu-tools-for-stm32.10.3-2021.10.win32_1.0.100.202210260954/tools/bin/../lib/gcc/arm-none-eabi/10.3.1/thumb/v7-m/nofp\libgcc.a
LOAD c:/st/stm32cubeide_1.11.0/stm32cubeide/plugins/com.st.stm32cube.ide.mcu.externaltools.gnu-tools-for-stm32.10.3-2021.10.win32_1.0.100.202210260954/tools/bin/../lib/gcc/arm-none-eabi/10.3.1/../../../../arm-none-eabi/lib/thumb/v7-m/nofp\libc_nano.a
END GROUP
START GROUP
LOAD c:/st/stm32cubeide_1.11.0/stm32cubeide/plugins/com.st.stm32cube.ide.mcu.externaltools.gnu-tools-for-stm32.10.3-2021.10.win32_1.0.100.202210260954/tools/bin/../lib/gcc/arm-none-eabi/10.3.1/thumb/v7-m/nofp\libgcc.a
LOAD c:/st/stm32cubeide_1.11.0/stm32cubeide/plugins/com.st.stm32cube.ide.mcu.externaltools.gnu-tools-for-stm32.10.3-2021.10.win32_1.0.100.202210260954/tools/bin/../lib/gcc/arm-none-eabi/10.3.1/../../../../arm-none-eabi/lib/thumb/v7-m/nofp\libc_nano.a
LOAD c:/st/stm32cubeide_1.11.0/stm32cubeide/plugins/com.st.stm32cube.ide.mcu.externaltools.gnu-tools-for-stm32.10.3-2021.10.win32_1.0.100.202210260954/tools/bin/../lib/gcc/arm-none-eabi/10.3.1/../../../../arm-none-eabi/lib/thumb/v7-m/nofp\libnosys.a
END GROUP
START GROUP
LOAD c:/st/stm32cubeide_1.11.0/stm32cubeide/plugins/com.st.stm32cube.ide.mcu.externaltools.gnu-tools-for-stm32.10.3-2021.10.win32_1.0.100.202210260954/tools/bin/../lib/gcc/arm-none-eabi/10.3.1/thumb/v7-m/nofp\libgcc.a
LOAD c:/st/stm32cubeide_1.11.0/stm32cubeide/plugins/com.st.stm32cube.ide.mcu.externaltools.gnu-tools-for-stm32.10.3-2021.10.win32_1.0.100.202210260954/tools/bin/../lib/gcc/arm-none-eabi/10.3.1/../../../../arm-none-eabi/lib/thumb/v7-m/nofp\libc_nano.a
LOAD c:/st/stm32cubeide_1.11.0/stm32cubeide/plugins/com.st.stm32cube.ide.mcu.externaltools.gnu-tools-for-stm32.10.3-2021.10.win32_1.0.100.202210260954/tools/bin/../lib/gcc/arm-none-eabi/10.3.1/../../../../arm-none-eabi/lib/thumb/v7-m/nofp\libnosys.a
END GROUP
LOAD c:/st/stm32cubeide_1.11.0/stm32cubeide/plugins/com.st.stm32cube.ide.mcu.externaltools.gnu-tools-for-stm32.10.3-2021.10.win32_1.0.100.202210260954/tools/bin/../lib/gcc/arm-none-eabi/10.3.1/thumb/v7-m/nofp/crtend.o
LOAD c:/st/stm32cubeide_1.11.0/stm32cubeide/plugins/com.st.stm32cube.ide.mcu.externaltools.gnu-tools-for-stm32.10.3-2021.10.win32_1.0.100.202210260954/tools/bin/../lib/gcc/arm-none-eabi/10.3.1/thumb/v7-m/nofp/crtn.o
                0x0000000020005000                _estack = (ORIGIN (RAM) + LENGTH (RAM))
                0x0000000000000200                _Min_Heap_Size = 0x200
                0x0000000000000400                _Min_Stack_Size = 0x400

.isr_vector     0x0000000008000000      0x10c
                0x0000000008000000                . = ALIGN (0x4)
 *(.isr_vector)
 .isr_vector    0x0000000008000000      0x10c ./Core/Startup/startup_stm32f103c8tx.o
                0x0000000008000000                g_pfnVectors
                0x000000000800010c                . = ALIGN (0x4)

.text           0x0000000008000110     0x58c0
                0x0000000008000110                . = ALIGN (0x4)
 *(.text)
 .text          0x0000000008000110       0x40 c:/st/stm32cubeide_1.11.0/stm32cubeide/plugins/com.st.stm32cube.ide.mcu.externaltools.gnu-tools-for-stm32.10.3-2021.10.win32_1.0.100.202210260954/tools/bin/../lib/gcc/arm-none-eabi/10.3.1/thumb/v7-m/nofp/crtbegin.o
 .text          0x0000000008000150      0x378 c:/st/stm32cubeide_1.11.0/stm32cubeide/plugins/com.st.stm32cube.ide.mcu.externaltools.gnu-tools-for-stm32.10.3-2021.10.win32_1.0.100.202210260954/tools/bin/../lib/gcc/arm-none-eabi/10.3.1/thumb/v7-m/nofp\libgcc.a(_arm_addsubdf3.o)
                0x0000000008000150                __aeabi_drsub
                0x0000000008000158                __aeabi_dsub
                0x0000000008000158                __subdf3
                0x000000000800015c                __aeabi_dadd
                0x000000000800015c                __adddf3
                0x00000000080003d4                __floatunsidf
                0x00000000080003d4                __aeabi_ui2d
                0x00000000080003f4                __floatsidf
                0x00000000080003f4                __aeabi_i2d
                0x0000000008000418                __aeabi_f2d
                0x0000000008000418                __extendsfdf2
                0x000000000800045c                __floatundidf
                0x000000000800045c                __aeabi_ul2d
                0x000000000800046c                __floatdidf
                0x000000000800046c                __aeabi_l2d
 .text          0x00000000080004c8      0x424 c:/st/stm32cubeide_1.11.0/stm32cubeide/plugins/com.st.stm32cube.ide.mcu.externaltools.gnu-tools-for-stm32.10.3-2021.10.win32_1.0.100.202210260954/tools/bin/../lib/gcc/arm-none-eabi/10.3.1/thumb/v7-m/nofp\libgcc.a(_arm_muldivdf3.o)
                0x00000000080004c8                __aeabi_dmul
                0x00000000080004c8                __muldf3
                0x000000000800071c                __divdf3
                0x000000000800071c                __aeabi_ddiv
 .text          0x00000000080008ec      0x110 c:/st/stm32cubeide_1.11.0/stm32cubeide/plugins/com.st.stm32cube.ide.mcu.externaltools.gnu-tools-for-stm32.10.3-2021.10.win32_1.0.100.202210260954/tools/bin/../lib/gcc/arm-none-eabi/10.3.1/thumb/v7-m/nofp\libgcc.a(_arm_cmpdf2.o)
                0x00000000080008ec                __gtdf2
                0x00000000080008ec                __gedf2
                0x00000000080008f4                __ltdf2
                0x00000000080008f4                __ledf2
                0x00000000080008fc                __nedf2
                0x00000000080008fc                __eqdf2
                0x00000000080008fc                __cmpdf2
                0x0000000008000978                __aeabi_cdrcmple
                0x0000000008000988                __aeabi_cdcmpeq
                0x0000000008000988                __aeabi_cdcmple
                0x0000000008000998                __aeabi_dcmpeq
                0x00000000080009ac                __aeabi_dcmplt
                0x00000000080009c0                __aeabi_dcmple
                0x00000000080009d4                __aeabi_dcmpge
                0x00000000080009e8                __aeabi_dcmpgt
 .text          0x00000000080009fc       0xa0 c:/st/stm32cubeide_1.11.0/stm32cubeide/plugins/com.st.stm32cube.ide.mcu.externaltools.gnu-tools-for-stm32.10.3-2021.10.win32_1.0.100.202210260954/tools/bin/../lib/gcc/arm-none-eabi/10.3.1/thumb/v7-m/nofp\libgcc.a(_arm_truncdfsf2.o)
                0x00000000080009fc                __truncdfsf2
                0x00000000080009fc                __aeabi_d2f
 .text          0x0000000008000a9c      0x21c c:/st/stm32cubeide_1.11.0/stm32cubeide/plugins/com.st.stm32cube.ide.mcu.externaltools.gnu-tools-for-stm32.10.3-2021.10.win32_1.0.100.202210260954/tools/bin/../lib/gcc/arm-none-eabi/10.3.1/thumb/v7-m/nofp\libgcc.a(_arm_addsubsf3.o)
                0x0000000008000a9c                __aeabi_frsub
                0x0000000008000aa4                __subsf3
                0x0000000008000aa4                __aeabi_fsub
                0x0000000008000aa8                __aeabi_fadd
                0x0000000008000aa8                __addsf3
                0x0000000008000c08                __aeabi_ui2f
                0x0000000008000c08                __floatunsisf
                0x0000000008000c10                __aeabi_i2f
                0x0000000008000c10                __floatsisf
                0x0000000008000c2c                __aeabi_ul2f
                0x0000000008000c2c                __floatundisf
                0x0000000008000c3c                __aeabi_l2f
                0x0000000008000c3c                __floatdisf
 .text          0x0000000008000cb8      0x2a0 c:/st/stm32cubeide_1.11.0/stm32cubeide/plugins/com.st.stm32cube.ide.mcu.externaltools.gnu-tools-for-stm32.10.3-2021.10.win32_1.0.100.202210260954/tools/bin/../lib/gcc/arm-none-eabi/10.3.1/thumb/v7-m/nofp\libgcc.a(_arm_muldivsf3.o)
                0x0000000008000cb8                __mulsf3
                0x0000000008000cb8                __aeabi_fmul
                0x0000000008000e20                __aeabi_fdiv
                0x0000000008000e20                __divsf3
 .text          0x0000000008000f58       0x4c c:/st/stm32cubeide_1.11.0/stm32cubeide/plugins/com.st.stm32cube.ide.mcu.externaltools.gnu-tools-for-stm32.10.3-2021.10.win32_1.0.100.202210260954/tools/bin/../lib/gcc/arm-none-eabi/10.3.1/thumb/v7-m/nofp\libgcc.a(_arm_fixsfsi.o)
                0x0000000008000f58                __aeabi_f2iz
                0x0000000008000f58                __fixsfsi
 *(.text*)
 .text.vApplicationGetIdleTaskMemory
                0x0000000008000fa4       0x30 ./Core/Src/freertos.o
                0x0000000008000fa4                vApplicationGetIdleTaskMemory
 .text.main     0x0000000008000fd4       0xac ./Core/Src/main.o
                0x0000000008000fd4                main
 .text.SystemClock_Config
                0x0000000008001080       0x8a ./Core/Src/main.o
                0x0000000008001080                SystemClock_Config
 *fill*         0x000000000800110a        0x2 
 .text.MX_TIM2_Init
                0x000000000800110c      0x100 ./Core/Src/main.o
 .text.MX_TIM3_Init
                0x000000000800120c       0x9c ./Core/Src/main.o
 .text.MX_USART1_UART_Init
                0x00000000080012a8       0x54 ./Core/Src/main.o
 .text.MX_GPIO_Init
                0x00000000080012fc      0x14c ./Core/Src/main.o
 .text.HAL_UART_RxCpltCallback
                0x0000000008001448       0x24 ./Core/Src/main.o
                0x0000000008001448                HAL_UART_RxCpltCallback
 .text.drivePosition
                0x000000000800146c       0x80 ./Core/Src/main.o
                0x000000000800146c                drivePosition
 .text.HAL_GPIO_EXTI_Callback
                0x00000000080014ec       0x78 ./Core/Src/main.o
                0x00000000080014ec                HAL_GPIO_EXTI_Callback
 .text.driveSpeed
                0x0000000008001564       0x5c ./Core/Src/main.o
                0x0000000008001564                driveSpeed
 .text.calculatePIDSpeed
                0x00000000080015c0      0x10c ./Core/Src/main.o
                0x00000000080015c0                calculatePIDSpeed
 *fill*         0x00000000080016cc        0x4 
 .text.calculatePIDPosition
                0x00000000080016d0      0x178 ./Core/Src/main.o
                0x00000000080016d0                calculatePIDPosition
 .text.Start_task_speed
                0x0000000008001848       0x30 ./Core/Src/main.o
                0x0000000008001848                Start_task_speed
 .text.Start_task_pos
                0x0000000008001878       0x12 ./Core/Src/main.o
                0x0000000008001878                Start_task_pos
 *fill*         0x000000000800188a        0x6 
 .text.HAL_TIM_PeriodElapsedCallback
                0x0000000008001890      0x228 ./Core/Src/main.o
                0x0000000008001890                HAL_TIM_PeriodElapsedCallback
 .text.Error_Handler
                0x0000000008001ab8        0xa ./Core/Src/main.o
                0x0000000008001ab8                Error_Handler
 *fill*         0x0000000008001ac2        0x2 
 .text.HAL_MspInit
                0x0000000008001ac4       0x70 ./Core/Src/stm32f1xx_hal_msp.o
                0x0000000008001ac4                HAL_MspInit
 .text.HAL_TIM_Base_MspInit
                0x0000000008001b34       0x70 ./Core/Src/stm32f1xx_hal_msp.o
                0x0000000008001b34                HAL_TIM_Base_MspInit
 .text.HAL_TIM_MspPostInit
                0x0000000008001ba4       0x60 ./Core/Src/stm32f1xx_hal_msp.o
                0x0000000008001ba4                HAL_TIM_MspPostInit
 .text.HAL_UART_MspInit
                0x0000000008001c04       0xa8 ./Core/Src/stm32f1xx_hal_msp.o
                0x0000000008001c04                HAL_UART_MspInit
 .text.HAL_InitTick
                0x0000000008001cac       0xfc ./Core/Src/stm32f1xx_hal_timebase_tim.o
                0x0000000008001cac                HAL_InitTick
 .text.NMI_Handler
                0x0000000008001da8        0x6 ./Core/Src/stm32f1xx_it.o
                0x0000000008001da8                NMI_Handler
 .text.HardFault_Handler
                0x0000000008001dae        0x6 ./Core/Src/stm32f1xx_it.o
                0x0000000008001dae                HardFault_Handler
 .text.MemManage_Handler
                0x0000000008001db4        0x6 ./Core/Src/stm32f1xx_it.o
                0x0000000008001db4                MemManage_Handler
 .text.BusFault_Handler
                0x0000000008001dba        0x6 ./Core/Src/stm32f1xx_it.o
                0x0000000008001dba                BusFault_Handler
 .text.UsageFault_Handler
                0x0000000008001dc0        0x6 ./Core/Src/stm32f1xx_it.o
                0x0000000008001dc0                UsageFault_Handler
 .text.DebugMon_Handler
                0x0000000008001dc6        0xc ./Core/Src/stm32f1xx_it.o
                0x0000000008001dc6                DebugMon_Handler
 .text.EXTI0_IRQHandler
                0x0000000008001dd2        0xe ./Core/Src/stm32f1xx_it.o
                0x0000000008001dd2                EXTI0_IRQHandler
 .text.EXTI1_IRQHandler
                0x0000000008001de0        0xe ./Core/Src/stm32f1xx_it.o
                0x0000000008001de0                EXTI1_IRQHandler
 *fill*         0x0000000008001dee        0x2 
 .text.TIM3_IRQHandler
                0x0000000008001df0       0x14 ./Core/Src/stm32f1xx_it.o
                0x0000000008001df0                TIM3_IRQHandler
 .text.TIM4_IRQHandler
                0x0000000008001e04       0x14 ./Core/Src/stm32f1xx_it.o
                0x0000000008001e04                TIM4_IRQHandler
 .text.USART1_IRQHandler
                0x0000000008001e18       0x14 ./Core/Src/stm32f1xx_it.o
                0x0000000008001e18                USART1_IRQHandler
 .text.SystemInit
                0x0000000008001e2c        0xc ./Core/Src/system_stm32f1xx.o
                0x0000000008001e2c                SystemInit
 .text.Reset_Handler
                0x0000000008001e38       0x48 ./Core/Startup/startup_stm32f103c8tx.o
                0x0000000008001e38                Reset_Handler
 .text.Default_Handler
                0x0000000008001e80        0x2 ./Core/Startup/startup_stm32f103c8tx.o
                0x0000000008001e80                RTC_Alarm_IRQHandler
                0x0000000008001e80                EXTI2_IRQHandler
                0x0000000008001e80                TIM1_CC_IRQHandler
                0x0000000008001e80                PVD_IRQHandler
                0x0000000008001e80                EXTI3_IRQHandler
                0x0000000008001e80                I2C2_EV_IRQHandler
                0x0000000008001e80                ADC1_2_IRQHandler
                0x0000000008001e80                SPI1_IRQHandler
                0x0000000008001e80                TAMPER_IRQHandler
                0x0000000008001e80                DMA1_Channel4_IRQHandler
                0x0000000008001e80                USART3_IRQHandler
                0x0000000008001e80                RTC_IRQHandler
                0x0000000008001e80                DMA1_Channel7_IRQHandler
                0x0000000008001e80                CAN1_RX1_IRQHandler
                0x0000000008001e80                I2C1_EV_IRQHandler
                0x0000000008001e80                DMA1_Channel6_IRQHandler
                0x0000000008001e80                RCC_IRQHandler
                0x0000000008001e80                TIM1_TRG_COM_IRQHandler
                0x0000000008001e80                DMA1_Channel1_IRQHandler
                0x0000000008001e80                Default_Handler
                0x0000000008001e80                EXTI15_10_IRQHandler
                0x0000000008001e80                EXTI9_5_IRQHandler
                0x0000000008001e80                SPI2_IRQHandler
                0x0000000008001e80                DMA1_Channel5_IRQHandler
                0x0000000008001e80                EXTI4_IRQHandler
                0x0000000008001e80                USB_LP_CAN1_RX0_IRQHandler
                0x0000000008001e80                USB_HP_CAN1_TX_IRQHandler
                0x0000000008001e80                DMA1_Channel3_IRQHandler
                0x0000000008001e80                TIM1_UP_IRQHandler
                0x0000000008001e80                WWDG_IRQHandler
                0x0000000008001e80                TIM2_IRQHandler
                0x0000000008001e80                TIM1_BRK_IRQHandler
                0x0000000008001e80                USART2_IRQHandler
                0x0000000008001e80                I2C2_ER_IRQHandler
                0x0000000008001e80                DMA1_Channel2_IRQHandler
                0x0000000008001e80                CAN1_SCE_IRQHandler
                0x0000000008001e80                FLASH_IRQHandler
                0x0000000008001e80                I2C1_ER_IRQHandler
                0x0000000008001e80                USBWakeUp_IRQHandler
 *fill*         0x0000000008001e82        0x2 
 .text.HAL_Init
                0x0000000008001e84       0x2c ./Drivers/STM32F1xx_HAL_Driver/Src/stm32f1xx_hal.o
                0x0000000008001e84                HAL_Init
 .text.HAL_IncTick
                0x0000000008001eb0       0x24 ./Drivers/STM32F1xx_HAL_Driver/Src/stm32f1xx_hal.o
                0x0000000008001eb0                HAL_IncTick
 .text.HAL_GetTick
                0x0000000008001ed4       0x14 ./Drivers/STM32F1xx_HAL_Driver/Src/stm32f1xx_hal.o
                0x0000000008001ed4                HAL_GetTick
 .text.__NVIC_SetPriorityGrouping
                0x0000000008001ee8       0x48 ./Drivers/STM32F1xx_HAL_Driver/Src/stm32f1xx_hal_cortex.o
 .text.__NVIC_GetPriorityGrouping
                0x0000000008001f30       0x1c ./Drivers/STM32F1xx_HAL_Driver/Src/stm32f1xx_hal_cortex.o
 .text.__NVIC_EnableIRQ
                0x0000000008001f4c       0x38 ./Drivers/STM32F1xx_HAL_Driver/Src/stm32f1xx_hal_cortex.o
 .text.__NVIC_SetPriority
                0x0000000008001f84       0x54 ./Drivers/STM32F1xx_HAL_Driver/Src/stm32f1xx_hal_cortex.o
 .text.NVIC_EncodePriority
                0x0000000008001fd8       0x64 ./Drivers/STM32F1xx_HAL_Driver/Src/stm32f1xx_hal_cortex.o
 .text.HAL_NVIC_SetPriorityGrouping
                0x000000000800203c       0x16 ./Drivers/STM32F1xx_HAL_Driver/Src/stm32f1xx_hal_cortex.o
                0x000000000800203c                HAL_NVIC_SetPriorityGrouping
 .text.HAL_NVIC_SetPriority
                0x0000000008002052       0x38 ./Drivers/STM32F1xx_HAL_Driver/Src/stm32f1xx_hal_cortex.o
                0x0000000008002052                HAL_NVIC_SetPriority
 .text.HAL_NVIC_EnableIRQ
                0x000000000800208a       0x1c ./Drivers/STM32F1xx_HAL_Driver/Src/stm32f1xx_hal_cortex.o
                0x000000000800208a                HAL_NVIC_EnableIRQ
 .text.HAL_DMA_Abort
                0x00000000080020a6       0x74 ./Drivers/STM32F1xx_HAL_Driver/Src/stm32f1xx_hal_dma.o
                0x00000000080020a6                HAL_DMA_Abort
 *fill*         0x000000000800211a        0x2 
 .text.HAL_DMA_Abort_IT
                0x000000000800211c       0xec ./Drivers/STM32F1xx_HAL_Driver/Src/stm32f1xx_hal_dma.o
                0x000000000800211c                HAL_DMA_Abort_IT
 .text.HAL_GPIO_Init
                0x0000000008002208      0x308 ./Drivers/STM32F1xx_HAL_Driver/Src/stm32f1xx_hal_gpio.o
                0x0000000008002208                HAL_GPIO_Init
 .text.HAL_GPIO_ReadPin
                0x0000000008002510       0x2e ./Drivers/STM32F1xx_HAL_Driver/Src/stm32f1xx_hal_gpio.o
                0x0000000008002510                HAL_GPIO_ReadPin
 .text.HAL_GPIO_WritePin
                0x000000000800253e       0x30 ./Drivers/STM32F1xx_HAL_Driver/Src/stm32f1xx_hal_gpio.o
                0x000000000800253e                HAL_GPIO_WritePin
 *fill*         0x000000000800256e        0x2 
 .text.HAL_GPIO_EXTI_IRQHandler
                0x0000000008002570       0x30 ./Drivers/STM32F1xx_HAL_Driver/Src/stm32f1xx_hal_gpio.o
                0x0000000008002570                HAL_GPIO_EXTI_IRQHandler
 .text.HAL_RCC_OscConfig
                0x00000000080025a0      0x504 ./Drivers/STM32F1xx_HAL_Driver/Src/stm32f1xx_hal_rcc.o
                0x00000000080025a0                HAL_RCC_OscConfig
 .text.HAL_RCC_ClockConfig
                0x0000000008002aa4      0x1d4 ./Drivers/STM32F1xx_HAL_Driver/Src/stm32f1xx_hal_rcc.o
                0x0000000008002aa4                HAL_RCC_ClockConfig
 .text.HAL_RCC_GetSysClockFreq
                0x0000000008002c78       0xbc ./Drivers/STM32F1xx_HAL_Driver/Src/stm32f1xx_hal_rcc.o
                0x0000000008002c78                HAL_RCC_GetSysClockFreq
 .text.HAL_RCC_GetHCLKFreq
                0x0000000008002d34       0x14 ./Drivers/STM32F1xx_HAL_Driver/Src/stm32f1xx_hal_rcc.o
                0x0000000008002d34                HAL_RCC_GetHCLKFreq
 .text.HAL_RCC_GetPCLK1Freq
                0x0000000008002d48       0x28 ./Drivers/STM32F1xx_HAL_Driver/Src/stm32f1xx_hal_rcc.o
                0x0000000008002d48                HAL_RCC_GetPCLK1Freq
 .text.HAL_RCC_GetPCLK2Freq
                0x0000000008002d70       0x28 ./Drivers/STM32F1xx_HAL_Driver/Src/stm32f1xx_hal_rcc.o
                0x0000000008002d70                HAL_RCC_GetPCLK2Freq
 .text.HAL_RCC_GetClockConfig
                0x0000000008002d98       0x60 ./Drivers/STM32F1xx_HAL_Driver/Src/stm32f1xx_hal_rcc.o
                0x0000000008002d98                HAL_RCC_GetClockConfig
 .text.RCC_Delay
                0x0000000008002df8       0x3c ./Drivers/STM32F1xx_HAL_Driver/Src/stm32f1xx_hal_rcc.o
 .text.HAL_TIM_Base_Init
                0x0000000008002e34       0x9e ./Drivers/STM32F1xx_HAL_Driver/Src/stm32f1xx_hal_tim.o
                0x0000000008002e34                HAL_TIM_Base_Init
 *fill*         0x0000000008002ed2        0x2 
 .text.HAL_TIM_Base_Start_IT
                0x0000000008002ed4       0xa4 ./Drivers/STM32F1xx_HAL_Driver/Src/stm32f1xx_hal_tim.o
                0x0000000008002ed4                HAL_TIM_Base_Start_IT
 .text.HAL_TIM_PWM_Init
                0x0000000008002f78       0x9e ./Drivers/STM32F1xx_HAL_Driver/Src/stm32f1xx_hal_tim.o
                0x0000000008002f78                HAL_TIM_PWM_Init
 .text.HAL_TIM_PWM_MspInit
                0x0000000008003016       0x12 ./Drivers/STM32F1xx_HAL_Driver/Src/stm32f1xx_hal_tim.o
                0x0000000008003016                HAL_TIM_PWM_MspInit
 .text.HAL_TIM_PWM_Start
                0x0000000008003028      0x144 ./Drivers/STM32F1xx_HAL_Driver/Src/stm32f1xx_hal_tim.o
                0x0000000008003028                HAL_TIM_PWM_Start
 .text.HAL_TIM_IRQHandler
                0x000000000800316c      0x210 ./Drivers/STM32F1xx_HAL_Driver/Src/stm32f1xx_hal_tim.o
                0x000000000800316c                HAL_TIM_IRQHandler
 .text.HAL_TIM_PWM_ConfigChannel
                0x000000000800337c      0x17c ./Drivers/STM32F1xx_HAL_Driver/Src/stm32f1xx_hal_tim.o
                0x000000000800337c                HAL_TIM_PWM_ConfigChannel
 .text.HAL_TIM_ConfigClockSource
                0x00000000080034f8      0x188 ./Drivers/STM32F1xx_HAL_Driver/Src/stm32f1xx_hal_tim.o
                0x00000000080034f8                HAL_TIM_ConfigClockSource
 .text.HAL_TIM_OC_DelayElapsedCallback
                0x0000000008003680       0x12 ./Drivers/STM32F1xx_HAL_Driver/Src/stm32f1xx_hal_tim.o
                0x0000000008003680                HAL_TIM_OC_DelayElapsedCallback
 .text.HAL_TIM_IC_CaptureCallback
                0x0000000008003692       0x12 ./Drivers/STM32F1xx_HAL_Driver/Src/stm32f1xx_hal_tim.o
                0x0000000008003692                HAL_TIM_IC_CaptureCallback
 .text.HAL_TIM_PWM_PulseFinishedCallback
                0x00000000080036a4       0x12 ./Drivers/STM32F1xx_HAL_Driver/Src/stm32f1xx_hal_tim.o
                0x00000000080036a4                HAL_TIM_PWM_PulseFinishedCallback
 .text.HAL_TIM_TriggerCallback
                0x00000000080036b6       0x12 ./Drivers/STM32F1xx_HAL_Driver/Src/stm32f1xx_hal_tim.o
                0x00000000080036b6                HAL_TIM_TriggerCallback
 .text.TIM_Base_SetConfig
                0x00000000080036c8       0xc4 ./Drivers/STM32F1xx_HAL_Driver/Src/stm32f1xx_hal_tim.o
                0x00000000080036c8                TIM_Base_SetConfig
 .text.TIM_OC1_SetConfig
                0x000000000800378c       0xcc ./Drivers/STM32F1xx_HAL_Driver/Src/stm32f1xx_hal_tim.o
 .text.TIM_OC2_SetConfig
                0x0000000008003858       0xd4 ./Drivers/STM32F1xx_HAL_Driver/Src/stm32f1xx_hal_tim.o
                0x0000000008003858                TIM_OC2_SetConfig
 .text.TIM_OC3_SetConfig
                0x000000000800392c       0xd4 ./Drivers/STM32F1xx_HAL_Driver/Src/stm32f1xx_hal_tim.o
 .text.TIM_OC4_SetConfig
                0x0000000008003a00       0x9c ./Drivers/STM32F1xx_HAL_Driver/Src/stm32f1xx_hal_tim.o
 .text.TIM_TI1_ConfigInputStage
                0x0000000008003a9c       0x5c ./Drivers/STM32F1xx_HAL_Driver/Src/stm32f1xx_hal_tim.o
 .text.TIM_TI2_ConfigInputStage
                0x0000000008003af8       0x5e ./Drivers/STM32F1xx_HAL_Driver/Src/stm32f1xx_hal_tim.o
 .text.TIM_ITRx_SetConfig
                0x0000000008003b56       0x34 ./Drivers/STM32F1xx_HAL_Driver/Src/stm32f1xx_hal_tim.o
 .text.TIM_ETR_SetConfig
                0x0000000008003b8a       0x3e ./Drivers/STM32F1xx_HAL_Driver/Src/stm32f1xx_hal_tim.o
                0x0000000008003b8a                TIM_ETR_SetConfig
 .text.TIM_CCxChannelCmd
                0x0000000008003bc8       0x48 ./Drivers/STM32F1xx_HAL_Driver/Src/stm32f1xx_hal_tim.o
                0x0000000008003bc8                TIM_CCxChannelCmd
 .text.HAL_TIMEx_MasterConfigSynchronization
                0x0000000008003c10       0xbc ./Drivers/STM32F1xx_HAL_Driver/Src/stm32f1xx_hal_tim_ex.o
                0x0000000008003c10                HAL_TIMEx_MasterConfigSynchronization
 .text.HAL_TIMEx_CommutCallback
                0x0000000008003ccc       0x12 ./Drivers/STM32F1xx_HAL_Driver/Src/stm32f1xx_hal_tim_ex.o
                0x0000000008003ccc                HAL_TIMEx_CommutCallback
 .text.HAL_TIMEx_BreakCallback
                0x0000000008003cde       0x12 ./Drivers/STM32F1xx_HAL_Driver/Src/stm32f1xx_hal_tim_ex.o
                0x0000000008003cde                HAL_TIMEx_BreakCallback
 .text.HAL_UART_Init
                0x0000000008003cf0       0x9a ./Drivers/STM32F1xx_HAL_Driver/Src/stm32f1xx_hal_uart.o
                0x0000000008003cf0                HAL_UART_Init
 .text.HAL_UART_Receive_IT
                0x0000000008003d8a       0x60 ./Drivers/STM32F1xx_HAL_Driver/Src/stm32f1xx_hal_uart.o
                0x0000000008003d8a                HAL_UART_Receive_IT
 *fill*         0x0000000008003dea        0x2 
 .text.HAL_UART_IRQHandler
                0x0000000008003dec      0x354 ./Drivers/STM32F1xx_HAL_Driver/Src/stm32f1xx_hal_uart.o
                0x0000000008003dec                HAL_UART_IRQHandler
 .text.HAL_UART_TxCpltCallback
                0x0000000008004140       0x12 ./Drivers/STM32F1xx_HAL_Driver/Src/stm32f1xx_hal_uart.o
                0x0000000008004140                HAL_UART_TxCpltCallback
 .text.HAL_UART_ErrorCallback
                0x0000000008004152       0x12 ./Drivers/STM32F1xx_HAL_Driver/Src/stm32f1xx_hal_uart.o
                0x0000000008004152                HAL_UART_ErrorCallback
 .text.HAL_UARTEx_RxEventCallback
                0x0000000008004164       0x16 ./Drivers/STM32F1xx_HAL_Driver/Src/stm32f1xx_hal_uart.o
                0x0000000008004164                HAL_UARTEx_RxEventCallback
 .text.UART_Start_Receive_IT
                0x000000000800417a       0x72 ./Drivers/STM32F1xx_HAL_Driver/Src/stm32f1xx_hal_uart.o
                0x000000000800417a                UART_Start_Receive_IT
 .text.UART_EndRxTransfer
                0x00000000080041ec       0x58 ./Drivers/STM32F1xx_HAL_Driver/Src/stm32f1xx_hal_uart.o
 .text.UART_DMAAbortOnError
                0x0000000008004244       0x28 ./Drivers/STM32F1xx_HAL_Driver/Src/stm32f1xx_hal_uart.o
 .text.UART_Transmit_IT
                0x000000000800426c       0x9e ./Drivers/STM32F1xx_HAL_Driver/Src/stm32f1xx_hal_uart.o
 .text.UART_EndTransmit_IT
                0x000000000800430a       0x30 ./Drivers/STM32F1xx_HAL_Driver/Src/stm32f1xx_hal_uart.o
 .text.UART_Receive_IT
                0x000000000800433a      0x152 ./Drivers/STM32F1xx_HAL_Driver/Src/stm32f1xx_hal_uart.o
 .text.UART_SetConfig
                0x000000000800448c      0x11c ./Drivers/STM32F1xx_HAL_Driver/Src/stm32f1xx_hal_uart.o
 .text.makeFreeRtosPriority
                0x00000000080045a8       0x2e ./Middlewares/Third_Party/FreeRTOS/Source/CMSIS_RTOS/cmsis_os.o
 .text.osKernelStart
                0x00000000080045d6        0xe ./Middlewares/Third_Party/FreeRTOS/Source/CMSIS_RTOS/cmsis_os.o
                0x00000000080045d6                osKernelStart
 .text.osThreadCreate
                0x00000000080045e4       0x98 ./Middlewares/Third_Party/FreeRTOS/Source/CMSIS_RTOS/cmsis_os.o
                0x00000000080045e4                osThreadCreate
 .text.osDelay  0x000000000800467c       0x28 ./Middlewares/Third_Party/FreeRTOS/Source/CMSIS_RTOS/cmsis_os.o
                0x000000000800467c                osDelay
 .text.vListInitialise
                0x00000000080046a4       0x3e ./Middlewares/Third_Party/FreeRTOS/Source/list.o
                0x00000000080046a4                vListInitialise
 .text.vListInitialiseItem
                0x00000000080046e2       0x18 ./Middlewares/Third_Party/FreeRTOS/Source/list.o
                0x00000000080046e2                vListInitialiseItem
 .text.vListInsertEnd
                0x00000000080046fa       0x46 ./Middlewares/Third_Party/FreeRTOS/Source/list.o
                0x00000000080046fa                vListInsertEnd
 .text.vListInsert
                0x0000000008004740       0x70 ./Middlewares/Third_Party/FreeRTOS/Source/list.o
                0x0000000008004740                vListInsert
 .text.uxListRemove
                0x00000000080047b0       0x52 ./Middlewares/Third_Party/FreeRTOS/Source/list.o
                0x00000000080047b0                uxListRemove
 .text.xTaskCreateStatic
                0x0000000008004802       0xb8 ./Middlewares/Third_Party/FreeRTOS/Source/tasks.o
                0x0000000008004802                xTaskCreateStatic
 .text.xTaskCreate
                0x00000000080048ba       0x8a ./Middlewares/Third_Party/FreeRTOS/Source/tasks.o
                0x00000000080048ba                xTaskCreate
 .text.prvInitialiseNewTask
                0x0000000008004944       0xfe ./Middlewares/Third_Party/FreeRTOS/Source/tasks.o
 *fill*         0x0000000008004a42        0x2 
 .text.prvAddNewTaskToReadyList
                0x0000000008004a44       0xd4 ./Middlewares/Third_Party/FreeRTOS/Source/tasks.o
 .text.vTaskDelay
                0x0000000008004b18       0x68 ./Middlewares/Third_Party/FreeRTOS/Source/tasks.o
                0x0000000008004b18                vTaskDelay
 .text.vTaskStartScheduler
                0x0000000008004b80       0xc0 ./Middlewares/Third_Party/FreeRTOS/Source/tasks.o
                0x0000000008004b80                vTaskStartScheduler
 .text.vTaskSuspendAll
                0x0000000008004c40       0x1c ./Middlewares/Third_Party/FreeRTOS/Source/tasks.o
                0x0000000008004c40                vTaskSuspendAll
 .text.xTaskResumeAll
                0x0000000008004c5c      0x138 ./Middlewares/Third_Party/FreeRTOS/Source/tasks.o
                0x0000000008004c5c                xTaskResumeAll
 .text.xTaskIncrementTick
                0x0000000008004d94      0x17c ./Middlewares/Third_Party/FreeRTOS/Source/tasks.o
                0x0000000008004d94                xTaskIncrementTick
 .text.vTaskSwitchContext
                0x0000000008004f10       0xb4 ./Middlewares/Third_Party/FreeRTOS/Source/tasks.o
                0x0000000008004f10                vTaskSwitchContext
 .text.prvIdleTask
                0x0000000008004fc4       0x30 ./Middlewares/Third_Party/FreeRTOS/Source/tasks.o
 .text.prvInitialiseTaskLists
                0x0000000008004ff4       0x80 ./Middlewares/Third_Party/FreeRTOS/Source/tasks.o
 .text.prvCheckTasksWaitingTermination
                0x0000000008005074       0x5c ./Middlewares/Third_Party/FreeRTOS/Source/tasks.o
 .text.prvDeleteTCB
                0x00000000080050d0       0x5e ./Middlewares/Third_Party/FreeRTOS/Source/tasks.o
 *fill*         0x000000000800512e        0x2 
 .text.prvResetNextTaskUnblockTime
                0x0000000008005130       0x48 ./Middlewares/Third_Party/FreeRTOS/Source/tasks.o
 .text.prvAddCurrentTaskToDelayedList
                0x0000000008005178       0xcc ./Middlewares/Third_Party/FreeRTOS/Source/tasks.o
 .text.pxPortInitialiseStack
                0x0000000008005244       0x58 ./Middlewares/Third_Party/FreeRTOS/Source/portable/GCC/ARM_CM3/port.o
                0x0000000008005244                pxPortInitialiseStack
 .text.prvTaskExitError
                0x000000000800529c       0x58 ./Middlewares/Third_Party/FreeRTOS/Source/portable/GCC/ARM_CM3/port.o
 *fill*         0x00000000080052f4        0xc 
 .text.SVC_Handler
                0x0000000008005300       0x28 ./Middlewares/Third_Party/FreeRTOS/Source/portable/GCC/ARM_CM3/port.o
                0x0000000008005300                SVC_Handler
 .text.prvPortStartFirstTask
                0x0000000008005328       0x20 ./Middlewares/Third_Party/FreeRTOS/Source/portable/GCC/ARM_CM3/port.o
 .text.xPortStartScheduler
                0x0000000008005348       0xe4 ./Middlewares/Third_Party/FreeRTOS/Source/portable/GCC/ARM_CM3/port.o
                0x0000000008005348                xPortStartScheduler
 .text.vPortEnterCritical
                0x000000000800542c       0x60 ./Middlewares/Third_Party/FreeRTOS/Source/portable/GCC/ARM_CM3/port.o
                0x000000000800542c                vPortEnterCritical
 .text.vPortExitCritical
                0x000000000800548c       0x50 ./Middlewares/Third_Party/FreeRTOS/Source/portable/GCC/ARM_CM3/port.o
                0x000000000800548c                vPortExitCritical
 *fill*         0x00000000080054dc        0x4 
 .text.PendSV_Handler
                0x00000000080054e0       0x48 ./Middlewares/Third_Party/FreeRTOS/Source/portable/GCC/ARM_CM3/port.o
                0x00000000080054e0                PendSV_Handler
 .text.SysTick_Handler
                0x0000000008005528       0x44 ./Middlewares/Third_Party/FreeRTOS/Source/portable/GCC/ARM_CM3/port.o
                0x0000000008005528                SysTick_Handler
 .text.vPortSetupTimerInterrupt
                0x000000000800556c       0x44 ./Middlewares/Third_Party/FreeRTOS/Source/portable/GCC/ARM_CM3/port.o
                0x000000000800556c                vPortSetupTimerInterrupt
 .text.pvPortMalloc
                0x00000000080055b0      0x188 ./Middlewares/Third_Party/FreeRTOS/Source/portable/MemMang/heap_4.o
                0x00000000080055b0                pvPortMalloc
 .text.vPortFree
                0x0000000008005738       0xb4 ./Middlewares/Third_Party/FreeRTOS/Source/portable/MemMang/heap_4.o
                0x0000000008005738                vPortFree
 .text.prvHeapInit
                0x00000000080057ec       0xc4 ./Middlewares/Third_Party/FreeRTOS/Source/portable/MemMang/heap_4.o
 .text.prvInsertBlockIntoFreeList
                0x00000000080058b0       0xb0 ./Middlewares/Third_Party/FreeRTOS/Source/portable/MemMang/heap_4.o
 .text.__libc_init_array
                0x0000000008005960       0x48 c:/st/stm32cubeide_1.11.0/stm32cubeide/plugins/com.st.stm32cube.ide.mcu.externaltools.gnu-tools-for-stm32.10.3-2021.10.win32_1.0.100.202210260954/tools/bin/../lib/gcc/arm-none-eabi/10.3.1/../../../../arm-none-eabi/lib/thumb/v7-m/nofp\libc_nano.a(lib_a-init.o)
                0x0000000008005960                __libc_init_array
 .text.memset   0x00000000080059a8       0x10 c:/st/stm32cubeide_1.11.0/stm32cubeide/plugins/com.st.stm32cube.ide.mcu.externaltools.gnu-tools-for-stm32.10.3-2021.10.win32_1.0.100.202210260954/tools/bin/../lib/gcc/arm-none-eabi/10.3.1/../../../../arm-none-eabi/lib/thumb/v7-m/nofp\libc_nano.a(lib_a-memset.o)
                0x00000000080059a8                memset
 *(.glue_7)
 .glue_7        0x00000000080059b8        0x0 linker stubs
 *(.glue_7t)
 .glue_7t       0x00000000080059b8        0x0 linker stubs
 *(.eh_frame)
 .eh_frame      0x00000000080059b8        0x0 c:/st/stm32cubeide_1.11.0/stm32cubeide/plugins/com.st.stm32cube.ide.mcu.externaltools.gnu-tools-for-stm32.10.3-2021.10.win32_1.0.100.202210260954/tools/bin/../lib/gcc/arm-none-eabi/10.3.1/thumb/v7-m/nofp/crtbegin.o
 *(.init)
 .init          0x00000000080059b8        0x4 c:/st/stm32cubeide_1.11.0/stm32cubeide/plugins/com.st.stm32cube.ide.mcu.externaltools.gnu-tools-for-stm32.10.3-2021.10.win32_1.0.100.202210260954/tools/bin/../lib/gcc/arm-none-eabi/10.3.1/thumb/v7-m/nofp/crti.o
                0x00000000080059b8                _init
 .init          0x00000000080059bc        0x8 c:/st/stm32cubeide_1.11.0/stm32cubeide/plugins/com.st.stm32cube.ide.mcu.externaltools.gnu-tools-for-stm32.10.3-2021.10.win32_1.0.100.202210260954/tools/bin/../lib/gcc/arm-none-eabi/10.3.1/thumb/v7-m/nofp/crtn.o
 *(.fini)
 .fini          0x00000000080059c4        0x4 c:/st/stm32cubeide_1.11.0/stm32cubeide/plugins/com.st.stm32cube.ide.mcu.externaltools.gnu-tools-for-stm32.10.3-2021.10.win32_1.0.100.202210260954/tools/bin/../lib/gcc/arm-none-eabi/10.3.1/thumb/v7-m/nofp/crti.o
                0x00000000080059c4                _fini
 .fini          0x00000000080059c8        0x8 c:/st/stm32cubeide_1.11.0/stm32cubeide/plugins/com.st.stm32cube.ide.mcu.externaltools.gnu-tools-for-stm32.10.3-2021.10.win32_1.0.100.202210260954/tools/bin/../lib/gcc/arm-none-eabi/10.3.1/thumb/v7-m/nofp/crtn.o
                0x00000000080059d0                . = ALIGN (0x4)
                0x00000000080059d0                _etext = .

.vfp11_veneer   0x00000000080059d0        0x0
 .vfp11_veneer  0x00000000080059d0        0x0 linker stubs

.v4_bx          0x00000000080059d0        0x0
 .v4_bx         0x00000000080059d0        0x0 linker stubs

.iplt           0x00000000080059d0        0x0
 .iplt          0x00000000080059d0        0x0 c:/st/stm32cubeide_1.11.0/stm32cubeide/plugins/com.st.stm32cube.ide.mcu.externaltools.gnu-tools-for-stm32.10.3-2021.10.win32_1.0.100.202210260954/tools/bin/../lib/gcc/arm-none-eabi/10.3.1/thumb/v7-m/nofp/crtbegin.o

.rodata         0x00000000080059d0       0x80
                0x00000000080059d0                . = ALIGN (0x4)
 *(.rodata)
 .rodata        0x00000000080059d0       0x50 ./Core/Src/main.o
 .rodata        0x0000000008005a20       0x10 ./Drivers/STM32F1xx_HAL_Driver/Src/stm32f1xx_hal_rcc.o
 .rodata        0x0000000008005a30        0x5 ./Middlewares/Third_Party/FreeRTOS/Source/tasks.o
 *(.rodata*)
 *fill*         0x0000000008005a35        0x3 
 .rodata.AHBPrescTable
                0x0000000008005a38       0x10 ./Core/Src/system_stm32f1xx.o
                0x0000000008005a38                AHBPrescTable
 .rodata.APBPrescTable
                0x0000000008005a48        0x8 ./Core/Src/system_stm32f1xx.o
                0x0000000008005a48                APBPrescTable
                0x0000000008005a50                . = ALIGN (0x4)

.rel.dyn        0x0000000008005a50        0x0
 .rel.iplt      0x0000000008005a50        0x0 c:/st/stm32cubeide_1.11.0/stm32cubeide/plugins/com.st.stm32cube.ide.mcu.externaltools.gnu-tools-for-stm32.10.3-2021.10.win32_1.0.100.202210260954/tools/bin/../lib/gcc/arm-none-eabi/10.3.1/thumb/v7-m/nofp/crtbegin.o

.ARM.extab      0x0000000008005a50        0x0
                0x0000000008005a50                . = ALIGN (0x4)
 *(.ARM.extab* .gnu.linkonce.armextab.*)
                0x0000000008005a50                . = ALIGN (0x4)

.ARM            0x0000000008005a50        0x0
                0x0000000008005a50                . = ALIGN (0x4)
                0x0000000008005a50                __exidx_start = .
 *(.ARM.exidx*)
                0x0000000008005a50                __exidx_end = .
                0x0000000008005a50                . = ALIGN (0x4)

.preinit_array  0x0000000008005a50        0x0
                0x0000000008005a50                . = ALIGN (0x4)
                0x0000000008005a50                PROVIDE (__preinit_array_start = .)
 *(.preinit_array*)
                0x0000000008005a50                PROVIDE (__preinit_array_end = .)
                0x0000000008005a50                . = ALIGN (0x4)

.init_array     0x0000000008005a50        0x4
                0x0000000008005a50                . = ALIGN (0x4)
                0x0000000008005a50                PROVIDE (__init_array_start = .)
 *(SORT_BY_NAME(.init_array.*))
 *(.init_array*)
 .init_array    0x0000000008005a50        0x4 c:/st/stm32cubeide_1.11.0/stm32cubeide/plugins/com.st.stm32cube.ide.mcu.externaltools.gnu-tools-for-stm32.10.3-2021.10.win32_1.0.100.202210260954/tools/bin/../lib/gcc/arm-none-eabi/10.3.1/thumb/v7-m/nofp/crtbegin.o
                0x0000000008005a54                PROVIDE (__init_array_end = .)
                0x0000000008005a54                . = ALIGN (0x4)

.fini_array     0x0000000008005a54        0x4
                0x0000000008005a54                . = ALIGN (0x4)
                [!provide]                        PROVIDE (__fini_array_start = .)
 *(SORT_BY_NAME(.fini_array.*))
 *(.fini_array*)
 .fini_array    0x0000000008005a54        0x4 c:/st/stm32cubeide_1.11.0/stm32cubeide/plugins/com.st.stm32cube.ide.mcu.externaltools.gnu-tools-for-stm32.10.3-2021.10.win32_1.0.100.202210260954/tools/bin/../lib/gcc/arm-none-eabi/10.3.1/thumb/v7-m/nofp/crtbegin.o
                [!provide]                        PROVIDE (__fini_array_end = .)
                0x0000000008005a58                . = ALIGN (0x4)
                0x0000000008005a58                _sidata = LOADADDR (.data)

.data           0x0000000020000000       0x28 load address 0x0000000008005a58
                0x0000000020000000                . = ALIGN (0x4)
                0x0000000020000000                _sdata = .
 *(.data)
 *(.data*)
 .data.vt       0x0000000020000000        0x4 ./Core/Src/main.o
                0x0000000020000000                vt
 .data.kp1      0x0000000020000004        0x4 ./Core/Src/main.o
                0x0000000020000004                kp1
 .data.ki1      0x0000000020000008        0x4 ./Core/Src/main.o
                0x0000000020000008                ki1
 .data.t        0x000000002000000c        0x4 ./Core/Src/main.o
                0x000000002000000c                t
 .data.kp2      0x0000000020000010        0x4 ./Core/Src/main.o
                0x0000000020000010                kp2
 .data.ki2      0x0000000020000014        0x4 ./Core/Src/main.o
                0x0000000020000014                ki2
 .data.SystemCoreClock
                0x0000000020000018        0x4 ./Core/Src/system_stm32f1xx.o
                0x0000000020000018                SystemCoreClock
 .data.uwTickPrio
                0x000000002000001c        0x4 ./Drivers/STM32F1xx_HAL_Driver/Src/stm32f1xx_hal.o
                0x000000002000001c                uwTickPrio
 .data.uwTickFreq
                0x0000000020000020        0x1 ./Drivers/STM32F1xx_HAL_Driver/Src/stm32f1xx_hal.o
                0x0000000020000020                uwTickFreq
 *fill*         0x0000000020000021        0x3 
 .data.uxCriticalNesting
                0x0000000020000024        0x4 ./Middlewares/Third_Party/FreeRTOS/Source/portable/GCC/ARM_CM3/port.o
 *(.RamFunc)
 *(.RamFunc*)
                0x0000000020000028                . = ALIGN (0x4)
                0x0000000020000028                _edata = .

.igot.plt       0x0000000020000028        0x0 load address 0x0000000008005a80
 .igot.plt      0x0000000020000028        0x0 c:/st/stm32cubeide_1.11.0/stm32cubeide/plugins/com.st.stm32cube.ide.mcu.externaltools.gnu-tools-for-stm32.10.3-2021.10.win32_1.0.100.202210260954/tools/bin/../lib/gcc/arm-none-eabi/10.3.1/thumb/v7-m/nofp/crtbegin.o
                0x0000000020000028                . = ALIGN (0x4)

.bss            0x0000000020000028     0x1154 load address 0x0000000008005a80
                0x0000000020000028                _sbss = .
                0x0000000020000028                __bss_start__ = _sbss
 *(.bss)
 .bss           0x0000000020000028       0x1c c:/st/stm32cubeide_1.11.0/stm32cubeide/plugins/com.st.stm32cube.ide.mcu.externaltools.gnu-tools-for-stm32.10.3-2021.10.win32_1.0.100.202210260954/tools/bin/../lib/gcc/arm-none-eabi/10.3.1/thumb/v7-m/nofp/crtbegin.o
 *(.bss*)
 .bss.xIdleTaskTCBBuffer
                0x0000000020000044       0x54 ./Core/Src/freertos.o
 .bss.xIdleStack
                0x0000000020000098      0x200 ./Core/Src/freertos.o
 .bss.count1    0x0000000020000298        0x4 ./Core/Src/main.o
                0x0000000020000298                count1
 .bss.counter1  0x000000002000029c        0x4 ./Core/Src/main.o
                0x000000002000029c                counter1
 .bss.pos1      0x00000000200002a0        0x4 ./Core/Src/main.o
                0x00000000200002a0                pos1
 .bss.precount  0x00000000200002a4        0x4 ./Core/Src/main.o
                0x00000000200002a4                precount
 .bss.veloc     0x00000000200002a8        0x4 ./Core/Src/main.o
                0x00000000200002a8                veloc
 .bss.v1        0x00000000200002ac        0x4 ./Core/Src/main.o
                0x00000000200002ac                v1
 .bss.v1Filt    0x00000000200002b0        0x4 ./Core/Src/main.o
                0x00000000200002b0                v1Filt
 .bss.v1Prev    0x00000000200002b4        0x4 ./Core/Src/main.o
                0x00000000200002b4                v1Prev
 .bss.e1        0x00000000200002b8        0x4 ./Core/Src/main.o
                0x00000000200002b8                e1
 .bss.ei1       0x00000000200002bc        0x4 ./Core/Src/main.o
                0x00000000200002bc                ei1
 .bss.u1        0x00000000200002c0        0x4 ./Core/Src/main.o
                0x00000000200002c0                u1
 .bss.dir       0x00000000200002c4        0x4 ./Core/Src/main.o
                0x00000000200002c4                dir
 .bss.pwr       0x00000000200002c8        0x4 ./Core/Src/main.o
                0x00000000200002c8                pwr
 .bss.data_RX   0x00000000200002cc        0xa ./Core/Src/main.o
                0x00000000200002cc                data_RX
 *fill*         0x00000000200002d6        0x2 
 .bss.u2        0x00000000200002d8        0x4 ./Core/Src/main.o
                0x00000000200002d8                u2
 .bss.e2        0x00000000200002dc        0x4 ./Core/Src/main.o
                0x00000000200002dc                e2
 .bss.pre_e2    0x00000000200002e0        0x4 ./Core/Src/main.o
                0x00000000200002e0                pre_e2
 .bss.ei2       0x00000000200002e4        0x4 ./Core/Src/main.o
                0x00000000200002e4                ei2
 .bss.ed2       0x00000000200002e8        0x4 ./Core/Src/main.o
                0x00000000200002e8                ed2
 .bss.kd2       0x00000000200002ec        0x4 ./Core/Src/main.o
                0x00000000200002ec                kd2
 .bss.count2    0x00000000200002f0        0x4 ./Core/Src/main.o
                0x00000000200002f0                count2
 .bss.counter2  0x00000000200002f4        0x4 ./Core/Src/main.o
                0x00000000200002f4                counter2
 .bss.htim2     0x00000000200002f8       0x48 ./Core/Src/main.o
                0x00000000200002f8                htim2
 .bss.htim3     0x0000000020000340       0x48 ./Core/Src/main.o
                0x0000000020000340                htim3
 .bss.huart1    0x0000000020000388       0x44 ./Core/Src/main.o
                0x0000000020000388                huart1
 .bss.Task_speedHandle
                0x00000000200003cc        0x4 ./Core/Src/main.o
                0x00000000200003cc                Task_speedHandle
 .bss.Task_posHandle
                0x00000000200003d0        0x4 ./Core/Src/main.o
                0x00000000200003d0                Task_posHandle
 .bss.v1real    0x00000000200003d4        0x4 ./Core/Src/main.o
                0x00000000200003d4                v1real
 .bss.v1Filtreal
                0x00000000200003d8        0x4 ./Core/Src/main.o
                0x00000000200003d8                v1Filtreal
 .bss.v1Prevreal
                0x00000000200003dc        0x4 ./Core/Src/main.o
                0x00000000200003dc                v1Prevreal
 .bss.velocreal
                0x00000000200003e0        0x4 ./Core/Src/main.o
                0x00000000200003e0                velocreal
 .bss.htim4     0x00000000200003e4       0x48 ./Core/Src/stm32f1xx_hal_timebase_tim.o
                0x00000000200003e4                htim4
 .bss.uwTick    0x000000002000042c        0x4 ./Drivers/STM32F1xx_HAL_Driver/Src/stm32f1xx_hal.o
                0x000000002000042c                uwTick
 .bss.pxCurrentTCB
                0x0000000020000430        0x4 ./Middlewares/Third_Party/FreeRTOS/Source/tasks.o
                0x0000000020000430                pxCurrentTCB
 .bss.pxReadyTasksLists
                0x0000000020000434       0x8c ./Middlewares/Third_Party/FreeRTOS/Source/tasks.o
 .bss.xDelayedTaskList1
                0x00000000200004c0       0x14 ./Middlewares/Third_Party/FreeRTOS/Source/tasks.o
 .bss.xDelayedTaskList2
                0x00000000200004d4       0x14 ./Middlewares/Third_Party/FreeRTOS/Source/tasks.o
 .bss.pxDelayedTaskList
                0x00000000200004e8        0x4 ./Middlewares/Third_Party/FreeRTOS/Source/tasks.o
 .bss.pxOverflowDelayedTaskList
                0x00000000200004ec        0x4 ./Middlewares/Third_Party/FreeRTOS/Source/tasks.o
 .bss.xPendingReadyList
                0x00000000200004f0       0x14 ./Middlewares/Third_Party/FreeRTOS/Source/tasks.o
 .bss.xTasksWaitingTermination
                0x0000000020000504       0x14 ./Middlewares/Third_Party/FreeRTOS/Source/tasks.o
 .bss.uxDeletedTasksWaitingCleanUp
                0x0000000020000518        0x4 ./Middlewares/Third_Party/FreeRTOS/Source/tasks.o
 .bss.xSuspendedTaskList
                0x000000002000051c       0x14 ./Middlewares/Third_Party/FreeRTOS/Source/tasks.o
 .bss.uxCurrentNumberOfTasks
                0x0000000020000530        0x4 ./Middlewares/Third_Party/FreeRTOS/Source/tasks.o
 .bss.xTickCount
                0x0000000020000534        0x4 ./Middlewares/Third_Party/FreeRTOS/Source/tasks.o
 .bss.uxTopReadyPriority
                0x0000000020000538        0x4 ./Middlewares/Third_Party/FreeRTOS/Source/tasks.o
 .bss.xSchedulerRunning
                0x000000002000053c        0x4 ./Middlewares/Third_Party/FreeRTOS/Source/tasks.o
 .bss.uxPendedTicks
                0x0000000020000540        0x4 ./Middlewares/Third_Party/FreeRTOS/Source/tasks.o
 .bss.xYieldPending
                0x0000000020000544        0x4 ./Middlewares/Third_Party/FreeRTOS/Source/tasks.o
 .bss.xNumOfOverflows
                0x0000000020000548        0x4 ./Middlewares/Third_Party/FreeRTOS/Source/tasks.o
 .bss.uxTaskNumber
                0x000000002000054c        0x4 ./Middlewares/Third_Party/FreeRTOS/Source/tasks.o
 .bss.xNextTaskUnblockTime
                0x0000000020000550        0x4 ./Middlewares/Third_Party/FreeRTOS/Source/tasks.o
 .bss.xIdleTaskHandle
                0x0000000020000554        0x4 ./Middlewares/Third_Party/FreeRTOS/Source/tasks.o
 .bss.uxSchedulerSuspended
                0x0000000020000558        0x4 ./Middlewares/Third_Party/FreeRTOS/Source/tasks.o
 .bss.ucMaxSysCallPriority
                0x000000002000055c        0x1 ./Middlewares/Third_Party/FreeRTOS/Source/portable/GCC/ARM_CM3/port.o
 *fill*         0x000000002000055d        0x3 
 .bss.ulMaxPRIGROUPValue
                0x0000000020000560        0x4 ./Middlewares/Third_Party/FreeRTOS/Source/portable/GCC/ARM_CM3/port.o
 .bss.ucHeap    0x0000000020000564      0xc00 ./Middlewares/Third_Party/FreeRTOS/Source/portable/MemMang/heap_4.o
 .bss.xStart    0x0000000020001164        0x8 ./Middlewares/Third_Party/FreeRTOS/Source/portable/MemMang/heap_4.o
 .bss.pxEnd     0x000000002000116c        0x4 ./Middlewares/Third_Party/FreeRTOS/Source/portable/MemMang/heap_4.o
 .bss.xFreeBytesRemaining
                0x0000000020001170        0x4 ./Middlewares/Third_Party/FreeRTOS/Source/portable/MemMang/heap_4.o
 .bss.xMinimumEverFreeBytesRemaining
                0x0000000020001174        0x4 ./Middlewares/Third_Party/FreeRTOS/Source/portable/MemMang/heap_4.o
 .bss.xBlockAllocatedBit
                0x0000000020001178        0x4 ./Middlewares/Third_Party/FreeRTOS/Source/portable/MemMang/heap_4.o
 *(COMMON)
                0x000000002000117c                . = ALIGN (0x4)
                0x000000002000117c                _ebss = .
                0x000000002000117c                __bss_end__ = _ebss

._user_heap_stack
                0x000000002000117c      0x604 load address 0x0000000008005a80
                0x0000000020001180                . = ALIGN (0x8)
 *fill*         0x000000002000117c        0x4 
                [!provide]                        PROVIDE (end = .)
                0x0000000020001180                PROVIDE (_end = .)
                0x0000000020001380                . = (. + _Min_Heap_Size)
 *fill*         0x0000000020001180      0x200 
                0x0000000020001780                . = (. + _Min_Stack_Size)
 *fill*         0x0000000020001380      0x400 
                0x0000000020001780                . = ALIGN (0x8)

/DISCARD/
 libc.a(*)
 libm.a(*)
 libgcc.a(*)

.ARM.attributes
                0x0000000000000000       0x29
 *(.ARM.attributes)
 .ARM.attributes
                0x0000000000000000       0x1d c:/st/stm32cubeide_1.11.0/stm32cubeide/plugins/com.st.stm32cube.ide.mcu.externaltools.gnu-tools-for-stm32.10.3-2021.10.win32_1.0.100.202210260954/tools/bin/../lib/gcc/arm-none-eabi/10.3.1/thumb/v7-m/nofp/crti.o
 .ARM.attributes
                0x000000000000001d       0x2d c:/st/stm32cubeide_1.11.0/stm32cubeide/plugins/com.st.stm32cube.ide.mcu.externaltools.gnu-tools-for-stm32.10.3-2021.10.win32_1.0.100.202210260954/tools/bin/../lib/gcc/arm-none-eabi/10.3.1/thumb/v7-m/nofp/crtbegin.o
 .ARM.attributes
                0x000000000000004a       0x2d ./Core/Src/freertos.o
 .ARM.attributes
                0x0000000000000077       0x2d ./Core/Src/main.o
 .ARM.attributes
                0x00000000000000a4       0x2d ./Core/Src/stm32f1xx_hal_msp.o
 .ARM.attributes
                0x00000000000000d1       0x2d ./Core/Src/stm32f1xx_hal_timebase_tim.o
 .ARM.attributes
                0x00000000000000fe       0x2d ./Core/Src/stm32f1xx_it.o
 .ARM.attributes
                0x000000000000012b       0x2d ./Core/Src/system_stm32f1xx.o
 .ARM.attributes
                0x0000000000000158       0x21 ./Core/Startup/startup_stm32f103c8tx.o
 .ARM.attributes
                0x0000000000000179       0x2d ./Drivers/STM32F1xx_HAL_Driver/Src/stm32f1xx_hal.o
 .ARM.attributes
                0x00000000000001a6       0x2d ./Drivers/STM32F1xx_HAL_Driver/Src/stm32f1xx_hal_cortex.o
 .ARM.attributes
                0x00000000000001d3       0x2d ./Drivers/STM32F1xx_HAL_Driver/Src/stm32f1xx_hal_dma.o
 .ARM.attributes
                0x0000000000000200       0x2d ./Drivers/STM32F1xx_HAL_Driver/Src/stm32f1xx_hal_gpio.o
 .ARM.attributes
                0x000000000000022d       0x2d ./Drivers/STM32F1xx_HAL_Driver/Src/stm32f1xx_hal_rcc.o
 .ARM.attributes
                0x000000000000025a       0x2d ./Drivers/STM32F1xx_HAL_Driver/Src/stm32f1xx_hal_tim.o
 .ARM.attributes
                0x0000000000000287       0x2d ./Drivers/STM32F1xx_HAL_Driver/Src/stm32f1xx_hal_tim_ex.o
 .ARM.attributes
                0x00000000000002b4       0x2d ./Drivers/STM32F1xx_HAL_Driver/Src/stm32f1xx_hal_uart.o
 .ARM.attributes
                0x00000000000002e1       0x2d ./Middlewares/Third_Party/FreeRTOS/Source/CMSIS_RTOS/cmsis_os.o
 .ARM.attributes
                0x000000000000030e       0x2d ./Middlewares/Third_Party/FreeRTOS/Source/list.o
 .ARM.attributes
                0x000000000000033b       0x2d ./Middlewares/Third_Party/FreeRTOS/Source/tasks.o
 .ARM.attributes
                0x0000000000000368       0x2d ./Middlewares/Third_Party/FreeRTOS/Source/portable/GCC/ARM_CM3/port.o
 .ARM.attributes
                0x0000000000000395       0x2d ./Middlewares/Third_Party/FreeRTOS/Source/portable/MemMang/heap_4.o
 .ARM.attributes
                0x00000000000003c2       0x2d c:/st/stm32cubeide_1.11.0/stm32cubeide/plugins/com.st.stm32cube.ide.mcu.externaltools.gnu-tools-for-stm32.10.3-2021.10.win32_1.0.100.202210260954/tools/bin/../lib/gcc/arm-none-eabi/10.3.1/../../../../arm-none-eabi/lib/thumb/v7-m/nofp\libc_nano.a(lib_a-init.o)
 .ARM.attributes
                0x00000000000003ef       0x2d c:/st/stm32cubeide_1.11.0/stm32cubeide/plugins/com.st.stm32cube.ide.mcu.externaltools.gnu-tools-for-stm32.10.3-2021.10.win32_1.0.100.202210260954/tools/bin/../lib/gcc/arm-none-eabi/10.3.1/../../../../arm-none-eabi/lib/thumb/v7-m/nofp\libc_nano.a(lib_a-memset.o)
 .ARM.attributes
                0x000000000000041c       0x1d c:/st/stm32cubeide_1.11.0/stm32cubeide/plugins/com.st.stm32cube.ide.mcu.externaltools.gnu-tools-for-stm32.10.3-2021.10.win32_1.0.100.202210260954/tools/bin/../lib/gcc/arm-none-eabi/10.3.1/thumb/v7-m/nofp\libgcc.a(_arm_addsubdf3.o)
 .ARM.attributes
                0x0000000000000439       0x1d c:/st/stm32cubeide_1.11.0/stm32cubeide/plugins/com.st.stm32cube.ide.mcu.externaltools.gnu-tools-for-stm32.10.3-2021.10.win32_1.0.100.202210260954/tools/bin/../lib/gcc/arm-none-eabi/10.3.1/thumb/v7-m/nofp\libgcc.a(_arm_muldivdf3.o)
 .ARM.attributes
                0x0000000000000456       0x1d c:/st/stm32cubeide_1.11.0/stm32cubeide/plugins/com.st.stm32cube.ide.mcu.externaltools.gnu-tools-for-stm32.10.3-2021.10.win32_1.0.100.202210260954/tools/bin/../lib/gcc/arm-none-eabi/10.3.1/thumb/v7-m/nofp\libgcc.a(_arm_cmpdf2.o)
 .ARM.attributes
                0x0000000000000473       0x1d c:/st/stm32cubeide_1.11.0/stm32cubeide/plugins/com.st.stm32cube.ide.mcu.externaltools.gnu-tools-for-stm32.10.3-2021.10.win32_1.0.100.202210260954/tools/bin/../lib/gcc/arm-none-eabi/10.3.1/thumb/v7-m/nofp\libgcc.a(_arm_truncdfsf2.o)
 .ARM.attributes
                0x0000000000000490       0x1d c:/st/stm32cubeide_1.11.0/stm32cubeide/plugins/com.st.stm32cube.ide.mcu.externaltools.gnu-tools-for-stm32.10.3-2021.10.win32_1.0.100.202210260954/tools/bin/../lib/gcc/arm-none-eabi/10.3.1/thumb/v7-m/nofp\libgcc.a(_arm_addsubsf3.o)
 .ARM.attributes
                0x00000000000004ad       0x1d c:/st/stm32cubeide_1.11.0/stm32cubeide/plugins/com.st.stm32cube.ide.mcu.externaltools.gnu-tools-for-stm32.10.3-2021.10.win32_1.0.100.202210260954/tools/bin/../lib/gcc/arm-none-eabi/10.3.1/thumb/v7-m/nofp\libgcc.a(_arm_muldivsf3.o)
 .ARM.attributes
                0x00000000000004ca       0x1d c:/st/stm32cubeide_1.11.0/stm32cubeide/plugins/com.st.stm32cube.ide.mcu.externaltools.gnu-tools-for-stm32.10.3-2021.10.win32_1.0.100.202210260954/tools/bin/../lib/gcc/arm-none-eabi/10.3.1/thumb/v7-m/nofp\libgcc.a(_arm_fixsfsi.o)
 .ARM.attributes
                0x00000000000004e7       0x1d c:/st/stm32cubeide_1.11.0/stm32cubeide/plugins/com.st.stm32cube.ide.mcu.externaltools.gnu-tools-for-stm32.10.3-2021.10.win32_1.0.100.202210260954/tools/bin/../lib/gcc/arm-none-eabi/10.3.1/thumb/v7-m/nofp/crtn.o
OUTPUT(Speed_Position_V1.elf elf32-littlearm)
LOAD linker stubs
LOAD c:/st/stm32cubeide_1.11.0/stm32cubeide/plugins/com.st.stm32cube.ide.mcu.externaltools.gnu-tools-for-stm32.10.3-2021.10.win32_1.0.100.202210260954/tools/bin/../lib/gcc/arm-none-eabi/10.3.1/../../../../arm-none-eabi/lib/thumb/v7-m/nofp\libc.a
LOAD c:/st/stm32cubeide_1.11.0/stm32cubeide/plugins/com.st.stm32cube.ide.mcu.externaltools.gnu-tools-for-stm32.10.3-2021.10.win32_1.0.100.202210260954/tools/bin/../lib/gcc/arm-none-eabi/10.3.1/../../../../arm-none-eabi/lib/thumb/v7-m/nofp\libm.a
LOAD c:/st/stm32cubeide_1.11.0/stm32cubeide/plugins/com.st.stm32cube.ide.mcu.externaltools.gnu-tools-for-stm32.10.3-2021.10.win32_1.0.100.202210260954/tools/bin/../lib/gcc/arm-none-eabi/10.3.1/thumb/v7-m/nofp\libgcc.a

.debug_info     0x0000000000000000    0x1004e
 .debug_info    0x0000000000000000      0x294 ./Core/Src/freertos.o
 .debug_info    0x0000000000000294     0x1896 ./Core/Src/main.o
 .debug_info    0x0000000000001b2a      0xded ./Core/Src/stm32f1xx_hal_msp.o
 .debug_info    0x0000000000002917      0x9f8 ./Core/Src/stm32f1xx_hal_timebase_tim.o
 .debug_info    0x000000000000330f      0x99e ./Core/Src/stm32f1xx_it.o
 .debug_info    0x0000000000003cad      0x23d ./Core/Src/system_stm32f1xx.o
 .debug_info    0x0000000000003eea       0x22 ./Core/Startup/startup_stm32f103c8tx.o
 .debug_info    0x0000000000003f0c      0x734 ./Drivers/STM32F1xx_HAL_Driver/Src/stm32f1xx_hal.o
 .debug_info    0x0000000000004640      0xb20 ./Drivers/STM32F1xx_HAL_Driver/Src/stm32f1xx_hal_cortex.o
 .debug_info    0x0000000000005160      0x73f ./Drivers/STM32F1xx_HAL_Driver/Src/stm32f1xx_hal_dma.o
 .debug_info    0x000000000000589f      0x615 ./Drivers/STM32F1xx_HAL_Driver/Src/stm32f1xx_hal_gpio.o
 .debug_info    0x0000000000005eb4      0x860 ./Drivers/STM32F1xx_HAL_Driver/Src/stm32f1xx_hal_rcc.o
 .debug_info    0x0000000000006714     0x29de ./Drivers/STM32F1xx_HAL_Driver/Src/stm32f1xx_hal_tim.o
 .debug_info    0x00000000000090f2     0x1513 ./Drivers/STM32F1xx_HAL_Driver/Src/stm32f1xx_hal_tim_ex.o
 .debug_info    0x000000000000a605     0x15d8 ./Drivers/STM32F1xx_HAL_Driver/Src/stm32f1xx_hal_uart.o
 .debug_info    0x000000000000bbdd     0x1c1b ./Middlewares/Third_Party/FreeRTOS/Source/CMSIS_RTOS/cmsis_os.o
 .debug_info    0x000000000000d7f8      0x2cb ./Middlewares/Third_Party/FreeRTOS/Source/list.o
 .debug_info    0x000000000000dac3     0x1cec ./Middlewares/Third_Party/FreeRTOS/Source/tasks.o
 .debug_info    0x000000000000f7af      0x4b7 ./Middlewares/Third_Party/FreeRTOS/Source/portable/GCC/ARM_CM3/port.o
 .debug_info    0x000000000000fc66      0x3e8 ./Middlewares/Third_Party/FreeRTOS/Source/portable/MemMang/heap_4.o

.debug_abbrev   0x0000000000000000     0x2967
 .debug_abbrev  0x0000000000000000       0xcd ./Core/Src/freertos.o
 .debug_abbrev  0x00000000000000cd      0x371 ./Core/Src/main.o
 .debug_abbrev  0x000000000000043e      0x1c5 ./Core/Src/stm32f1xx_hal_msp.o
 .debug_abbrev  0x0000000000000603      0x1e6 ./Core/Src/stm32f1xx_hal_timebase_tim.o
 .debug_abbrev  0x00000000000007e9      0x186 ./Core/Src/stm32f1xx_it.o
 .debug_abbrev  0x000000000000096f      0x13b ./Core/Src/system_stm32f1xx.o
 .debug_abbrev  0x0000000000000aaa       0x12 ./Core/Startup/startup_stm32f103c8tx.o
 .debug_abbrev  0x0000000000000abc      0x1fb ./Drivers/STM32F1xx_HAL_Driver/Src/stm32f1xx_hal.o
 .debug_abbrev  0x0000000000000cb7      0x2ed ./Drivers/STM32F1xx_HAL_Driver/Src/stm32f1xx_hal_cortex.o
 .debug_abbrev  0x0000000000000fa4      0x1fe ./Drivers/STM32F1xx_HAL_Driver/Src/stm32f1xx_hal_dma.o
 .debug_abbrev  0x00000000000011a2      0x1bb ./Drivers/STM32F1xx_HAL_Driver/Src/stm32f1xx_hal_gpio.o
 .debug_abbrev  0x000000000000135d      0x2a8 ./Drivers/STM32F1xx_HAL_Driver/Src/stm32f1xx_hal_rcc.o
 .debug_abbrev  0x0000000000001605      0x25d ./Drivers/STM32F1xx_HAL_Driver/Src/stm32f1xx_hal_tim.o
 .debug_abbrev  0x0000000000001862      0x265 ./Drivers/STM32F1xx_HAL_Driver/Src/stm32f1xx_hal_tim_ex.o
 .debug_abbrev  0x0000000000001ac7      0x278 ./Drivers/STM32F1xx_HAL_Driver/Src/stm32f1xx_hal_uart.o
 .debug_abbrev  0x0000000000001d3f      0x392 ./Middlewares/Third_Party/FreeRTOS/Source/CMSIS_RTOS/cmsis_os.o
 .debug_abbrev  0x00000000000020d1       0xf2 ./Middlewares/Third_Party/FreeRTOS/Source/list.o
 .debug_abbrev  0x00000000000021c3      0x34e ./Middlewares/Third_Party/FreeRTOS/Source/tasks.o
 .debug_abbrev  0x0000000000002511      0x257 ./Middlewares/Third_Party/FreeRTOS/Source/portable/GCC/ARM_CM3/port.o
 .debug_abbrev  0x0000000000002768      0x1ff ./Middlewares/Third_Party/FreeRTOS/Source/portable/MemMang/heap_4.o

.debug_aranges  0x0000000000000000     0x10f8
 .debug_aranges
                0x0000000000000000       0x20 ./Core/Src/freertos.o
 .debug_aranges
                0x0000000000000020       0x98 ./Core/Src/main.o
 .debug_aranges
                0x00000000000000b8       0x48 ./Core/Src/stm32f1xx_hal_msp.o
 .debug_aranges
                0x0000000000000100       0x30 ./Core/Src/stm32f1xx_hal_timebase_tim.o
 .debug_aranges
                0x0000000000000130       0x70 ./Core/Src/stm32f1xx_it.o
 .debug_aranges
                0x00000000000001a0       0x28 ./Core/Src/system_stm32f1xx.o
 .debug_aranges
                0x00000000000001c8       0x28 ./Core/Startup/startup_stm32f103c8tx.o
 .debug_aranges
                0x00000000000001f0       0xe0 ./Drivers/STM32F1xx_HAL_Driver/Src/stm32f1xx_hal.o
 .debug_aranges
                0x00000000000002d0      0x100 ./Drivers/STM32F1xx_HAL_Driver/Src/stm32f1xx_hal_cortex.o
 .debug_aranges
                0x00000000000003d0       0x80 ./Drivers/STM32F1xx_HAL_Driver/Src/stm32f1xx_hal_dma.o
 .debug_aranges
                0x0000000000000450       0x58 ./Drivers/STM32F1xx_HAL_Driver/Src/stm32f1xx_hal_gpio.o
 .debug_aranges
                0x00000000000004a8       0x90 ./Drivers/STM32F1xx_HAL_Driver/Src/stm32f1xx_hal_rcc.o
 .debug_aranges
                0x0000000000000538      0x3d0 ./Drivers/STM32F1xx_HAL_Driver/Src/stm32f1xx_hal_tim.o
 .debug_aranges
                0x0000000000000908      0x168 ./Drivers/STM32F1xx_HAL_Driver/Src/stm32f1xx_hal_tim_ex.o
 .debug_aranges
                0x0000000000000a70      0x200 ./Drivers/STM32F1xx_HAL_Driver/Src/stm32f1xx_hal_uart.o
 .debug_aranges
                0x0000000000000c70      0x1d8 ./Middlewares/Third_Party/FreeRTOS/Source/CMSIS_RTOS/cmsis_os.o
 .debug_aranges
                0x0000000000000e48       0x40 ./Middlewares/Third_Party/FreeRTOS/Source/list.o
 .debug_aranges
                0x0000000000000e88      0x1a8 ./Middlewares/Third_Party/FreeRTOS/Source/tasks.o
 .debug_aranges
                0x0000000000001030       0x78 ./Middlewares/Third_Party/FreeRTOS/Source/portable/GCC/ARM_CM3/port.o
 .debug_aranges
                0x00000000000010a8       0x50 ./Middlewares/Third_Party/FreeRTOS/Source/portable/MemMang/heap_4.o

.debug_ranges   0x0000000000000000      0xff0
 .debug_ranges  0x0000000000000000       0x10 ./Core/Src/freertos.o
 .debug_ranges  0x0000000000000010       0x88 ./Core/Src/main.o
 .debug_ranges  0x0000000000000098       0x38 ./Core/Src/stm32f1xx_hal_msp.o
 .debug_ranges  0x00000000000000d0       0x20 ./Core/Src/stm32f1xx_hal_timebase_tim.o
 .debug_ranges  0x00000000000000f0       0x60 ./Core/Src/stm32f1xx_it.o
 .debug_ranges  0x0000000000000150       0x18 ./Core/Src/system_stm32f1xx.o
 .debug_ranges  0x0000000000000168       0x20 ./Core/Startup/startup_stm32f103c8tx.o
 .debug_ranges  0x0000000000000188       0xd0 ./Drivers/STM32F1xx_HAL_Driver/Src/stm32f1xx_hal.o
 .debug_ranges  0x0000000000000258       0xf0 ./Drivers/STM32F1xx_HAL_Driver/Src/stm32f1xx_hal_cortex.o
 .debug_ranges  0x0000000000000348       0x70 ./Drivers/STM32F1xx_HAL_Driver/Src/stm32f1xx_hal_dma.o
 .debug_ranges  0x00000000000003b8       0x48 ./Drivers/STM32F1xx_HAL_Driver/Src/stm32f1xx_hal_gpio.o
 .debug_ranges  0x0000000000000400       0x80 ./Drivers/STM32F1xx_HAL_Driver/Src/stm32f1xx_hal_rcc.o
 .debug_ranges  0x0000000000000480      0x3c0 ./Drivers/STM32F1xx_HAL_Driver/Src/stm32f1xx_hal_tim.o
 .debug_ranges  0x0000000000000840      0x158 ./Drivers/STM32F1xx_HAL_Driver/Src/stm32f1xx_hal_tim_ex.o
 .debug_ranges  0x0000000000000998      0x220 ./Drivers/STM32F1xx_HAL_Driver/Src/stm32f1xx_hal_uart.o
 .debug_ranges  0x0000000000000bb8      0x1c8 ./Middlewares/Third_Party/FreeRTOS/Source/CMSIS_RTOS/cmsis_os.o
 .debug_ranges  0x0000000000000d80       0x30 ./Middlewares/Third_Party/FreeRTOS/Source/list.o
 .debug_ranges  0x0000000000000db0      0x198 ./Middlewares/Third_Party/FreeRTOS/Source/tasks.o
 .debug_ranges  0x0000000000000f48       0x68 ./Middlewares/Third_Party/FreeRTOS/Source/portable/GCC/ARM_CM3/port.o
 .debug_ranges  0x0000000000000fb0       0x40 ./Middlewares/Third_Party/FreeRTOS/Source/portable/MemMang/heap_4.o

.debug_macro    0x0000000000000000    0x18f3e
 .debug_macro   0x0000000000000000      0x21a ./Core/Src/freertos.o
 .debug_macro   0x000000000000021a      0xa6c ./Core/Src/freertos.o
 .debug_macro   0x0000000000000c86      0x174 ./Core/Src/freertos.o
 .debug_macro   0x0000000000000dfa       0x22 ./Core/Src/freertos.o
 .debug_macro   0x0000000000000e1c       0x8e ./Core/Src/freertos.o
 .debug_macro   0x0000000000000eaa       0x51 ./Core/Src/freertos.o
 .debug_macro   0x0000000000000efb      0x103 ./Core/Src/freertos.o
 .debug_macro   0x0000000000000ffe       0x6a ./Core/Src/freertos.o
 .debug_macro   0x0000000000001068      0x1df ./Core/Src/freertos.o
 .debug_macro   0x0000000000001247       0xd6 ./Core/Src/freertos.o
 .debug_macro   0x000000000000131d      0x15a ./Core/Src/freertos.o
 .debug_macro   0x0000000000001477       0xd7 ./Core/Src/freertos.o
 .debug_macro   0x000000000000154e       0x10 ./Core/Src/freertos.o
 .debug_macro   0x000000000000155e       0x1f ./Core/Src/freertos.o
 .debug_macro   0x000000000000157d      0x4b7 ./Core/Src/freertos.o
 .debug_macro   0x0000000000001a34       0xb5 ./Core/Src/freertos.o
 .debug_macro   0x0000000000001ae9       0x8c ./Core/Src/freertos.o
 .debug_macro   0x0000000000001b75      0x21b ./Core/Src/freertos.o
 .debug_macro   0x0000000000001d90       0x2e ./Core/Src/freertos.o
 .debug_macro   0x0000000000001dbe       0x22 ./Core/Src/freertos.o
 .debug_macro   0x0000000000001de0       0x1c ./Core/Src/freertos.o
 .debug_macro   0x0000000000001dfc       0x22 ./Core/Src/freertos.o
 .debug_macro   0x0000000000001e1e       0xbd ./Core/Src/freertos.o
 .debug_macro   0x0000000000001edb      0xd23 ./Core/Src/freertos.o
 .debug_macro   0x0000000000002bfe     0xe09e ./Core/Src/freertos.o
 .debug_macro   0x0000000000010c9c       0x6d ./Core/Src/freertos.o
 .debug_macro   0x0000000000010d09     0x3468 ./Core/Src/freertos.o
 .debug_macro   0x0000000000014171       0x5c ./Core/Src/freertos.o
 .debug_macro   0x00000000000141cd      0x5be ./Core/Src/freertos.o
 .debug_macro   0x000000000001478b      0x289 ./Core/Src/freertos.o
 .debug_macro   0x0000000000014a14      0x1cb ./Core/Src/freertos.o
 .debug_macro   0x0000000000014bdf      0x114 ./Core/Src/freertos.o
 .debug_macro   0x0000000000014cf3      0x1b2 ./Core/Src/freertos.o
 .debug_macro   0x0000000000014ea5       0x27 ./Core/Src/freertos.o
 .debug_macro   0x0000000000014ecc      0x136 ./Core/Src/freertos.o
 .debug_macro   0x0000000000015002      0x1bc ./Core/Src/freertos.o
 .debug_macro   0x00000000000151be       0x34 ./Core/Src/freertos.o
 .debug_macro   0x00000000000151f2       0x3c ./Core/Src/freertos.o
 .debug_macro   0x000000000001522e       0x57 ./Core/Src/freertos.o
 .debug_macro   0x0000000000015285       0x88 ./Core/Src/freertos.o
 .debug_macro   0x000000000001530d      0x241 ./Core/Src/freertos.o
 .debug_macro   0x000000000001554e      0x141 ./Core/Src/freertos.o
 .debug_macro   0x000000000001568f      0x8d1 ./Core/Src/freertos.o
 .debug_macro   0x0000000000015f60      0x279 ./Core/Src/freertos.o
 .debug_macro   0x00000000000161d9       0x83 ./Core/Src/freertos.o
 .debug_macro   0x000000000001625c       0x64 ./Core/Src/freertos.o
 .debug_macro   0x00000000000162c0      0x331 ./Core/Src/main.o
 .debug_macro   0x00000000000165f1       0xd6 ./Core/Src/main.o
 .debug_macro   0x00000000000166c7       0x91 ./Core/Src/main.o
 .debug_macro   0x0000000000016758       0x8d ./Core/Src/main.o
 .debug_macro   0x00000000000167e5       0x7e ./Core/Src/main.o
 .debug_macro   0x0000000000016863       0x19 ./Core/Src/main.o
 .debug_macro   0x000000000001687c       0xf2 ./Core/Src/main.o
 .debug_macro   0x000000000001696e       0x18 ./Core/Src/main.o
 .debug_macro   0x0000000000016986       0x52 ./Core/Src/main.o
 .debug_macro   0x00000000000169d8       0x3c ./Core/Src/main.o
 .debug_macro   0x0000000000016a14       0x34 ./Core/Src/main.o
 .debug_macro   0x0000000000016a48       0x16 ./Core/Src/main.o
 .debug_macro   0x0000000000016a5e       0x35 ./Core/Src/main.o
 .debug_macro   0x0000000000016a93       0x16 ./Core/Src/main.o
 .debug_macro   0x0000000000016aa9       0x43 ./Core/Src/main.o
 .debug_macro   0x0000000000016aec       0x34 ./Core/Src/main.o
 .debug_macro   0x0000000000016b20       0x10 ./Core/Src/main.o
 .debug_macro   0x0000000000016b30       0x58 ./Core/Src/main.o
 .debug_macro   0x0000000000016b88       0x71 ./Core/Src/main.o
 .debug_macro   0x0000000000016bf9       0x1c ./Core/Src/main.o
 .debug_macro   0x0000000000016c15      0x12a ./Core/Src/main.o
 .debug_macro   0x0000000000016d3f      0x341 ./Core/Src/main.o
 .debug_macro   0x0000000000017080       0x16 ./Core/Src/main.o
 .debug_macro   0x0000000000017096       0x29 ./Core/Src/main.o
 .debug_macro   0x00000000000170bf      0x1b2 ./Core/Src/stm32f1xx_hal_msp.o
 .debug_macro   0x0000000000017271      0x1a3 ./Core/Src/stm32f1xx_hal_timebase_tim.o
 .debug_macro   0x0000000000017414      0x1bc ./Core/Src/stm32f1xx_it.o
 .debug_macro   0x00000000000175d0      0x1a3 ./Core/Src/system_stm32f1xx.o
 .debug_macro   0x0000000000017773      0x1c7 ./Drivers/STM32F1xx_HAL_Driver/Src/stm32f1xx_hal.o
 .debug_macro   0x000000000001793a      0x1a3 ./Drivers/STM32F1xx_HAL_Driver/Src/stm32f1xx_hal_cortex.o
 .debug_macro   0x0000000000017add      0x1a3 ./Drivers/STM32F1xx_HAL_Driver/Src/stm32f1xx_hal_dma.o
 .debug_macro   0x0000000000017c80      0x20e ./Drivers/STM32F1xx_HAL_Driver/Src/stm32f1xx_hal_gpio.o
 .debug_macro   0x0000000000017e8e      0x1b5 ./Drivers/STM32F1xx_HAL_Driver/Src/stm32f1xx_hal_rcc.o
 .debug_macro   0x0000000000018043      0x1a4 ./Drivers/STM32F1xx_HAL_Driver/Src/stm32f1xx_hal_tim.o
 .debug_macro   0x00000000000181e7      0x1a3 ./Drivers/STM32F1xx_HAL_Driver/Src/stm32f1xx_hal_tim_ex.o
 .debug_macro   0x000000000001838a      0x1a4 ./Drivers/STM32F1xx_HAL_Driver/Src/stm32f1xx_hal_uart.o
 .debug_macro   0x000000000001852e      0x1fe ./Middlewares/Third_Party/FreeRTOS/Source/CMSIS_RTOS/cmsis_os.o
 .debug_macro   0x000000000001872c       0x10 ./Middlewares/Third_Party/FreeRTOS/Source/CMSIS_RTOS/cmsis_os.o
 .debug_macro   0x000000000001873c       0x20 ./Middlewares/Third_Party/FreeRTOS/Source/CMSIS_RTOS/cmsis_os.o
 .debug_macro   0x000000000001875c       0xab ./Middlewares/Third_Party/FreeRTOS/Source/CMSIS_RTOS/cmsis_os.o
 .debug_macro   0x0000000000018807      0x187 ./Middlewares/Third_Party/FreeRTOS/Source/list.o
 .debug_macro   0x000000000001898e      0x280 ./Middlewares/Third_Party/FreeRTOS/Source/tasks.o
 .debug_macro   0x0000000000018c0e       0x10 ./Middlewares/Third_Party/FreeRTOS/Source/tasks.o
 .debug_macro   0x0000000000018c1e      0x172 ./Middlewares/Third_Party/FreeRTOS/Source/portable/GCC/ARM_CM3/port.o
 .debug_macro   0x0000000000018d90      0x1ae ./Middlewares/Third_Party/FreeRTOS/Source/portable/MemMang/heap_4.o

.debug_line     0x0000000000000000    0x11196
 .debug_line    0x0000000000000000      0x777 ./Core/Src/freertos.o
 .debug_line    0x0000000000000777      0xd64 ./Core/Src/main.o
 .debug_line    0x00000000000014db      0x758 ./Core/Src/stm32f1xx_hal_msp.o
 .debug_line    0x0000000000001c33      0x6f4 ./Core/Src/stm32f1xx_hal_timebase_tim.o
 .debug_line    0x0000000000002327      0x776 ./Core/Src/stm32f1xx_it.o
 .debug_line    0x0000000000002a9d      0x6f8 ./Core/Src/system_stm32f1xx.o
 .debug_line    0x0000000000003195       0x87 ./Core/Startup/startup_stm32f103c8tx.o
 .debug_line    0x000000000000321c      0x925 ./Drivers/STM32F1xx_HAL_Driver/Src/stm32f1xx_hal.o
 .debug_line    0x0000000000003b41      0xb0d ./Drivers/STM32F1xx_HAL_Driver/Src/stm32f1xx_hal_cortex.o
 .debug_line    0x000000000000464e      0xd7d ./Drivers/STM32F1xx_HAL_Driver/Src/stm32f1xx_hal_dma.o
 .debug_line    0x00000000000053cb      0x9bc ./Drivers/STM32F1xx_HAL_Driver/Src/stm32f1xx_hal_gpio.o
 .debug_line    0x0000000000005d87      0xd33 ./Drivers/STM32F1xx_HAL_Driver/Src/stm32f1xx_hal_rcc.o
 .debug_line    0x0000000000006aba     0x32db ./Drivers/STM32F1xx_HAL_Driver/Src/stm32f1xx_hal_tim.o
 .debug_line    0x0000000000009d95     0x184d ./Drivers/STM32F1xx_HAL_Driver/Src/stm32f1xx_hal_tim_ex.o
 .debug_line    0x000000000000b5e2     0x1a00 ./Drivers/STM32F1xx_HAL_Driver/Src/stm32f1xx_hal_uart.o
 .debug_line    0x000000000000cfe2     0x11cb ./Middlewares/Third_Party/FreeRTOS/Source/CMSIS_RTOS/cmsis_os.o
 .debug_line    0x000000000000e1ad      0x706 ./Middlewares/Third_Party/FreeRTOS/Source/list.o
 .debug_line    0x000000000000e8b3     0x18c9 ./Middlewares/Third_Party/FreeRTOS/Source/tasks.o
 .debug_line    0x000000000001017c      0x752 ./Middlewares/Third_Party/FreeRTOS/Source/portable/GCC/ARM_CM3/port.o
 .debug_line    0x00000000000108ce      0x8c8 ./Middlewares/Third_Party/FreeRTOS/Source/portable/MemMang/heap_4.o

.debug_str      0x0000000000000000    0x91a39
 .debug_str     0x0000000000000000    0x86b64 ./Core/Src/freertos.o
                                      0x86ed0 (size before relaxing)
 .debug_str     0x0000000000086b64     0x610b ./Core/Src/main.o
                                      0x8d0b6 (size before relaxing)
 .debug_str     0x000000000008cc6f       0xd8 ./Core/Src/stm32f1xx_hal_msp.o
                                      0x83eb6 (size before relaxing)
 .debug_str     0x000000000008cd47       0xdf ./Core/Src/stm32f1xx_hal_timebase_tim.o
                                      0x83b87 (size before relaxing)
 .debug_str     0x000000000008ce26      0x126 ./Core/Src/stm32f1xx_it.o
                                      0x83b5a (size before relaxing)
 .debug_str     0x000000000008cf4c       0x7e ./Core/Src/system_stm32f1xx.o
                                      0x832bf (size before relaxing)
 .debug_str     0x000000000008cfca       0x36 ./Core/Startup/startup_stm32f103c8tx.o
                                         0x6e (size before relaxing)
 .debug_str     0x000000000008d000      0x34a ./Drivers/STM32F1xx_HAL_Driver/Src/stm32f1xx_hal.o
                                      0x839f2 (size before relaxing)
 .debug_str     0x000000000008d34a      0x28b ./Drivers/STM32F1xx_HAL_Driver/Src/stm32f1xx_hal_cortex.o
                                      0x8393e (size before relaxing)
 .debug_str     0x000000000008d5d5      0x235 ./Drivers/STM32F1xx_HAL_Driver/Src/stm32f1xx_hal_dma.o
                                      0x83668 (size before relaxing)
 .debug_str     0x000000000008d80a      0x297 ./Drivers/STM32F1xx_HAL_Driver/Src/stm32f1xx_hal_gpio.o
                                      0x83645 (size before relaxing)
 .debug_str     0x000000000008daa1      0x1f3 ./Drivers/STM32F1xx_HAL_Driver/Src/stm32f1xx_hal_rcc.o
                                      0x836ee (size before relaxing)
 .debug_str     0x000000000008dc94      0xd0b ./Drivers/STM32F1xx_HAL_Driver/Src/stm32f1xx_hal_tim.o
                                      0x846d9 (size before relaxing)
 .debug_str     0x000000000008e99f      0x493 ./Drivers/STM32F1xx_HAL_Driver/Src/stm32f1xx_hal_tim_ex.o
                                      0x83ef5 (size before relaxing)
 .debug_str     0x000000000008ee32      0x59f ./Drivers/STM32F1xx_HAL_Driver/Src/stm32f1xx_hal_uart.o
                                      0x83cf9 (size before relaxing)
 .debug_str     0x000000000008f3d1      0xae7 ./Middlewares/Third_Party/FreeRTOS/Source/CMSIS_RTOS/cmsis_os.o
                                       0xdcf5 (size before relaxing)
 .debug_str     0x000000000008feb8      0x139 ./Middlewares/Third_Party/FreeRTOS/Source/list.o
                                       0xa30b (size before relaxing)
 .debug_str     0x000000000008fff1     0x1197 ./Middlewares/Third_Party/FreeRTOS/Source/tasks.o
                                       0xc5fd (size before relaxing)
 .debug_str     0x0000000000091188      0x66e ./Middlewares/Third_Party/FreeRTOS/Source/portable/GCC/ARM_CM3/port.o
                                       0x80a8 (size before relaxing)
 .debug_str     0x00000000000917f6      0x243 ./Middlewares/Third_Party/FreeRTOS/Source/portable/MemMang/heap_4.o
                                       0xaa58 (size before relaxing)

.comment        0x0000000000000000       0x50
 .comment       0x0000000000000000       0x50 ./Core/Src/freertos.o
                                         0x51 (size before relaxing)
 .comment       0x0000000000000050       0x51 ./Core/Src/main.o
 .comment       0x0000000000000050       0x51 ./Core/Src/stm32f1xx_hal_msp.o
 .comment       0x0000000000000050       0x51 ./Core/Src/stm32f1xx_hal_timebase_tim.o
 .comment       0x0000000000000050       0x51 ./Core/Src/stm32f1xx_it.o
 .comment       0x0000000000000050       0x51 ./Core/Src/system_stm32f1xx.o
 .comment       0x0000000000000050       0x51 ./Drivers/STM32F1xx_HAL_Driver/Src/stm32f1xx_hal.o
 .comment       0x0000000000000050       0x51 ./Drivers/STM32F1xx_HAL_Driver/Src/stm32f1xx_hal_cortex.o
 .comment       0x0000000000000050       0x51 ./Drivers/STM32F1xx_HAL_Driver/Src/stm32f1xx_hal_dma.o
 .comment       0x0000000000000050       0x51 ./Drivers/STM32F1xx_HAL_Driver/Src/stm32f1xx_hal_gpio.o
 .comment       0x0000000000000050       0x51 ./Drivers/STM32F1xx_HAL_Driver/Src/stm32f1xx_hal_rcc.o
 .comment       0x0000000000000050       0x51 ./Drivers/STM32F1xx_HAL_Driver/Src/stm32f1xx_hal_tim.o
 .comment       0x0000000000000050       0x51 ./Drivers/STM32F1xx_HAL_Driver/Src/stm32f1xx_hal_tim_ex.o
 .comment       0x0000000000000050       0x51 ./Drivers/STM32F1xx_HAL_Driver/Src/stm32f1xx_hal_uart.o
 .comment       0x0000000000000050       0x51 ./Middlewares/Third_Party/FreeRTOS/Source/CMSIS_RTOS/cmsis_os.o
 .comment       0x0000000000000050       0x51 ./Middlewares/Third_Party/FreeRTOS/Source/list.o
 .comment       0x0000000000000050       0x51 ./Middlewares/Third_Party/FreeRTOS/Source/tasks.o
 .comment       0x0000000000000050       0x51 ./Middlewares/Third_Party/FreeRTOS/Source/portable/GCC/ARM_CM3/port.o
 .comment       0x0000000000000050       0x51 ./Middlewares/Third_Party/FreeRTOS/Source/portable/MemMang/heap_4.o

.debug_frame    0x0000000000000000     0x48ac
 .debug_frame   0x0000000000000000       0x38 ./Core/Src/freertos.o
 .debug_frame   0x0000000000000038      0x22c ./Core/Src/main.o
 .debug_frame   0x0000000000000264       0xe8 ./Core/Src/stm32f1xx_hal_msp.o
 .debug_frame   0x000000000000034c       0x74 ./Core/Src/stm32f1xx_hal_timebase_tim.o
 .debug_frame   0x00000000000003c0      0x134 ./Core/Src/stm32f1xx_it.o
 .debug_frame   0x00000000000004f4       0x58 ./Core/Src/system_stm32f1xx.o
 .debug_frame   0x000000000000054c      0x334 ./Drivers/STM32F1xx_HAL_Driver/Src/stm32f1xx_hal.o
 .debug_frame   0x0000000000000880      0x428 ./Drivers/STM32F1xx_HAL_Driver/Src/stm32f1xx_hal_cortex.o
 .debug_frame   0x0000000000000ca8      0x208 ./Drivers/STM32F1xx_HAL_Driver/Src/stm32f1xx_hal_dma.o
 .debug_frame   0x0000000000000eb0      0x14c ./Drivers/STM32F1xx_HAL_Driver/Src/stm32f1xx_hal_gpio.o
 .debug_frame   0x0000000000000ffc      0x21c ./Drivers/STM32F1xx_HAL_Driver/Src/stm32f1xx_hal_rcc.o
 .debug_frame   0x0000000000001218     0x11b8 ./Drivers/STM32F1xx_HAL_Driver/Src/stm32f1xx_hal_tim.o
 .debug_frame   0x00000000000023d0      0x638 ./Drivers/STM32F1xx_HAL_Driver/Src/stm32f1xx_hal_tim_ex.o
 .debug_frame   0x0000000000002a08      0x914 ./Drivers/STM32F1xx_HAL_Driver/Src/stm32f1xx_hal_uart.o
 .debug_frame   0x000000000000331c      0x80c ./Middlewares/Third_Party/FreeRTOS/Source/CMSIS_RTOS/cmsis_os.o
 .debug_frame   0x0000000000003b28       0xd8 ./Middlewares/Third_Party/FreeRTOS/Source/list.o
 .debug_frame   0x0000000000003c00      0x734 ./Middlewares/Third_Party/FreeRTOS/Source/tasks.o
 .debug_frame   0x0000000000004334      0x198 ./Middlewares/Third_Party/FreeRTOS/Source/portable/GCC/ARM_CM3/port.o
 .debug_frame   0x00000000000044cc      0x108 ./Middlewares/Third_Party/FreeRTOS/Source/portable/MemMang/heap_4.o
 .debug_frame   0x00000000000045d4       0x2c c:/st/stm32cubeide_1.11.0/stm32cubeide/plugins/com.st.stm32cube.ide.mcu.externaltools.gnu-tools-for-stm32.10.3-2021.10.win32_1.0.100.202210260954/tools/bin/../lib/gcc/arm-none-eabi/10.3.1/../../../../arm-none-eabi/lib/thumb/v7-m/nofp\libc_nano.a(lib_a-init.o)
 .debug_frame   0x0000000000004600       0x20 c:/st/stm32cubeide_1.11.0/stm32cubeide/plugins/com.st.stm32cube.ide.mcu.externaltools.gnu-tools-for-stm32.10.3-2021.10.win32_1.0.100.202210260954/tools/bin/../lib/gcc/arm-none-eabi/10.3.1/../../../../arm-none-eabi/lib/thumb/v7-m/nofp\libc_nano.a(lib_a-memset.o)
 .debug_frame   0x0000000000004620       0xac c:/st/stm32cubeide_1.11.0/stm32cubeide/plugins/com.st.stm32cube.ide.mcu.externaltools.gnu-tools-for-stm32.10.3-2021.10.win32_1.0.100.202210260954/tools/bin/../lib/gcc/arm-none-eabi/10.3.1/thumb/v7-m/nofp\libgcc.a(_arm_addsubdf3.o)
 .debug_frame   0x00000000000046cc       0x50 c:/st/stm32cubeide_1.11.0/stm32cubeide/plugins/com.st.stm32cube.ide.mcu.externaltools.gnu-tools-for-stm32.10.3-2021.10.win32_1.0.100.202210260954/tools/bin/../lib/gcc/arm-none-eabi/10.3.1/thumb/v7-m/nofp\libgcc.a(_arm_muldivdf3.o)
 .debug_frame   0x000000000000471c       0xc4 c:/st/stm32cubeide_1.11.0/stm32cubeide/plugins/com.st.stm32cube.ide.mcu.externaltools.gnu-tools-for-stm32.10.3-2021.10.win32_1.0.100.202210260954/tools/bin/../lib/gcc/arm-none-eabi/10.3.1/thumb/v7-m/nofp\libgcc.a(_arm_cmpdf2.o)
 .debug_frame   0x00000000000047e0       0x24 c:/st/stm32cubeide_1.11.0/stm32cubeide/plugins/com.st.stm32cube.ide.mcu.externaltools.gnu-tools-for-stm32.10.3-2021.10.win32_1.0.100.202210260954/tools/bin/../lib/gcc/arm-none-eabi/10.3.1/thumb/v7-m/nofp\libgcc.a(_arm_truncdfsf2.o)
 .debug_frame   0x0000000000004804       0x4c c:/st/stm32cubeide_1.11.0/stm32cubeide/plugins/com.st.stm32cube.ide.mcu.externaltools.gnu-tools-for-stm32.10.3-2021.10.win32_1.0.100.202210260954/tools/bin/../lib/gcc/arm-none-eabi/10.3.1/thumb/v7-m/nofp\libgcc.a(_arm_addsubsf3.o)
 .debug_frame   0x0000000000004850       0x38 c:/st/stm32cubeide_1.11.0/stm32cubeide/plugins/com.st.stm32cube.ide.mcu.externaltools.gnu-tools-for-stm32.10.3-2021.10.win32_1.0.100.202210260954/tools/bin/../lib/gcc/arm-none-eabi/10.3.1/thumb/v7-m/nofp\libgcc.a(_arm_muldivsf3.o)
 .debug_frame   0x0000000000004888       0x24 c:/st/stm32cubeide_1.11.0/stm32cubeide/plugins/com.st.stm32cube.ide.mcu.externaltools.gnu-tools-for-stm32.10.3-2021.10.win32_1.0.100.202210260954/tools/bin/../lib/gcc/arm-none-eabi/10.3.1/thumb/v7-m/nofp\libgcc.a(_arm_fixsfsi.o)
