../Core/Src/main.c:76:6:HAL_GPIO_EXTI_Callback	16	static
../Core/Src/main.c:85:6:HAL_TIM_PeriodElapsedCallback	24	static
../Core/Src/main.c:99:6:calculateSpeedPID	16	static
../Core/Src/main.c:113:6:ControlMotor	16	static
../Core/Src/main.c:118:6:setMotor	16	static
../Core/Src/main.c:136:5:main	8	static
../Core/Src/main.c:184:6:SystemClock_Config	72	static
../Core/Src/main.c:224:13:MX_TIM2_Init	64	static
../Core/Src/main.c:287:13:MX_TIM3_Init	32	static
../Core/Src/main.c:332:13:MX_GPIO_Init	40	static
../Core/Src/main.c:367:6:Error_Handler	4	static,ignoring_inline_asm
