../Core/Src/main.c:117:6:HAL_GPIO_EXTI_Callback	16	static
../Core/Src/main.c:127:6:calculateSpeedPID	16	static
../Core/Src/main.c:144:6:ControlMotor	16	static
../Core/Src/main.c:149:6:setMotor	16	static
../Core/Src/main.c:173:5:main	8	static
../Core/Src/main.c:271:6:SystemClock_Config	88	static
../Core/Src/main.c:318:13:MX_ADC1_Init	24	static
../Core/Src/main.c:365:13:MX_TIM2_Init	64	static
../Core/Src/main.c:428:13:MX_TIM3_Init	32	static
../Core/Src/main.c:471:13:MX_DMA_Init	16	static
../Core/Src/main.c:489:13:MX_GPIO_Init	40	static
../Core/Src/main.c:527:6:speed_control	16	static
../Core/Src/main.c:555:6:Current_read	16	static
../Core/Src/main.c:593:6:HAL_TIM_PeriodElapsedCallback	24	static
../Core/Src/main.c:623:6:Error_Handler	4	static,ignoring_inline_asm
