../Core/Src/main.c:86:6:map	24	static
../Core/Src/main.c:90:6:HAL_ADC_ConvCpltCallback	24	static
../Core/Src/main.c:108:5:main	8	static
../Core/Src/main.c:197:6:SystemClock_Config	88	static
../Core/Src/main.c:244:13:MX_ADC1_Init	24	static
../Core/Src/main.c:291:13:MX_TIM1_Init	80	static
../Core/Src/main.c:356:13:MX_TIM2_Init	32	static
../Core/Src/main.c:399:13:MX_DMA_Init	16	static
../Core/Src/main.c:417:13:MX_GPIO_Init	16	static
../Core/Src/main.c:437:6:StartDefaultTask	16	static
../Core/Src/main.c:460:6:StartTask02	16	static
../Core/Src/main.c:489:6:HAL_TIM_PeriodElapsedCallback	16	static
../Core/Src/main.c:506:6:Error_Handler	4	static,ignoring_inline_asm
