../Core/Src/main.c:81:6:HAL_GPIO_EXTI_Callback	16	static
../Core/Src/main.c:96:6:HAL_TIM_PeriodElapsedCallback	24	static
../Core/Src/main.c:111:6:calculateSpeedPID	16	static
../Core/Src/main.c:122:6:ControlMotor	16	static
../Core/Src/main.c:127:6:setMotor	16	static
../Core/Src/main.c:145:5:main	8	static
../Core/Src/main.c:196:6:SystemClock_Config	72	static
../Core/Src/main.c:236:13:MX_TIM2_Init	64	static
../Core/Src/main.c:299:13:MX_TIM3_Init	32	static
../Core/Src/main.c:344:13:MX_USART1_UART_Init	8	static
../Core/Src/main.c:377:13:MX_GPIO_Init	40	static
../Core/Src/main.c:423:6:Error_Handler	4	static,ignoring_inline_asm
