21:35:55 **** Incremental Build of configuration Debug for project SPEEDV3 ****
make -j16 all 
arm-none-eabi-size   SPEEDV3.elf 
   text	   data	    bss	    dec	    hex	filename
  13320	     32	   1768	  15120	   3b10	SPEEDV3.elf
Finished building: default.size.stdout
 
21:35:57 **** Incremental Build of configuration Debug for project SPEEDV3 ****
make -j16 all 
arm-none-eabi-size   SPEEDV3.elf 
   text	   data	    bss	    dec	    hex	filename
  13320	     32	   1768	  15120	   3b10	SPEEDV3.elf
Finished building: default.size.stdout
 
21:36:40 **** Incremental Build of configuration Debug for project SPEEDV3 ****
make -j16 all 
arm-none-eabi-gcc "../Core/Src/main.c" -mcpu=cortex-m3 -std=gnu11 -g3 -DDEBUG -DUSE_HAL_DRIVER -DSTM32F103xB -c -I../Core/Inc -I../Drivers/STM32F1xx_HAL_Driver/Inc/Legacy -I../Drivers/STM32F1xx_HAL_Driver/Inc -I../Drivers/CMSIS/Device/ST/STM32F1xx/Include -I../Drivers/CMSIS/Include -O0 -ffunction-sections -fdata-sections -Wall -fstack-usage -MMD -MP -MF"Core/Src/main.d" -MT"Core/Src/main.o" --specs=nano.specs -mfloat-abi=soft -mthumb -o "Core/Src/main.o"
arm-none-eabi-gcc -o "SPEEDV3.elf" @"objects.list"   -mcpu=cortex-m3 -T"C:\Users\LENOVO\Desktop\Robocon\SPEEDV3\STM32F103C8TX_FLASH.ld" --specs=nosys.specs -Wl,-Map="SPEEDV3.map" -Wl,--gc-sections -static --specs=nano.specs -mfloat-abi=soft -mthumb -Wl,--start-group -lc -lm -Wl,--end-group
Finished building target: SPEEDV3.elf
 
arm-none-eabi-size   SPEEDV3.elf 
arm-none-eabi-objdump -h -S  SPEEDV3.elf  > "SPEEDV3.list"
   text	   data	    bss	    dec	    hex	filename
  13320	     32	   1768	  15120	   3b10	SPEEDV3.elf
Finished building: default.size.stdout
 
Finished building: SPEEDV3.list
 
21:37:40 **** Incremental Build of configuration Debug for project SPEEDV3 ****
make -j16 all 
arm-none-eabi-gcc "../Core/Src/main.c" -mcpu=cortex-m3 -std=gnu11 -g3 -DDEBUG -DUSE_HAL_DRIVER -DSTM32F103xB -c -I../Core/Inc -I../Drivers/STM32F1xx_HAL_Driver/Inc/Legacy -I../Drivers/STM32F1xx_HAL_Driver/Inc -I../Drivers/CMSIS/Device/ST/STM32F1xx/Include -I../Drivers/CMSIS/Include -O0 -ffunction-sections -fdata-sections -Wall -fstack-usage -MMD -MP -MF"Core/Src/main.d" -MT"Core/Src/main.o" --specs=nano.specs -mfloat-abi=soft -mthumb -o "Core/Src/main.o"
arm-none-eabi-gcc -o "SPEEDV3.elf" @"objects.list"   -mcpu=cortex-m3 -T"C:\Users\LENOVO\Desktop\Robocon\SPEEDV3\STM32F103C8TX_FLASH.ld" --specs=nosys.specs -Wl,-Map="SPEEDV3.map" -Wl,--gc-sections -static --specs=nano.specs -mfloat-abi=soft -mthumb -Wl,--start-group -lc -lm -Wl,--end-group
Finished building target: SPEEDV3.elf
 
arm-none-eabi-size   SPEEDV3.elf 
arm-none-eabi-objdump -h -S  SPEEDV3.elf  > "SPEEDV3.list"
   text	   data	    bss	    dec	    hex	filename
  13320	     32	   1768	  15120	   3b10	SPEEDV3.elf
Finished building: default.size.stdout
 
Finished building: SPEEDV3.list
 
21:38:05 **** Incremental Build of configuration Debug for project SPEEDV3 ****
make -j16 all 
arm-none-eabi-size   SPEEDV3.elf 
   text	   data	    bss	    dec	    hex	filename
  13320	     32	   1768	  15120	   3b10	SPEEDV3.elf
Finished building: default.size.stdout
 
21:39:23 **** Incremental Build of configuration Debug for project SPEEDV3 ****
make -j16 all 
arm-none-eabi-gcc "../Core/Src/main.c" -mcpu=cortex-m3 -std=gnu11 -g3 -DDEBUG -DUSE_HAL_DRIVER -DSTM32F103xB -c -I../Core/Inc -I../Drivers/STM32F1xx_HAL_Driver/Inc/Legacy -I../Drivers/STM32F1xx_HAL_Driver/Inc -I../Drivers/CMSIS/Device/ST/STM32F1xx/Include -I../Drivers/CMSIS/Include -O0 -ffunction-sections -fdata-sections -Wall -fstack-usage -MMD -MP -MF"Core/Src/main.d" -MT"Core/Src/main.o" --specs=nano.specs -mfloat-abi=soft -mthumb -o "Core/Src/main.o"
arm-none-eabi-gcc -o "SPEEDV3.elf" @"objects.list"   -mcpu=cortex-m3 -T"C:\Users\LENOVO\Desktop\Robocon\SPEEDV3\STM32F103C8TX_FLASH.ld" --specs=nosys.specs -Wl,-Map="SPEEDV3.map" -Wl,--gc-sections -static --specs=nano.specs -mfloat-abi=soft -mthumb -Wl,--start-group -lc -lm -Wl,--end-group
Finished building target: SPEEDV3.elf
 
arm-none-eabi-size   SPEEDV3.elf 
arm-none-eabi-objdump -h -S  SPEEDV3.elf  > "SPEEDV3.list"
   text	   data	    bss	    dec	    hex	filename
  13320	     32	   1768	  15120	   3b10	SPEEDV3.elf
Finished building: default.size.stdout
 
Finished building: SPEEDV3.list
 
21:40:37 **** Incremental Build of configuration Debug for project SPEEDV3 ****
make -j16 all 
arm-none-eabi-gcc "../Core/Src/main.c" -mcpu=cortex-m3 -std=gnu11 -g3 -DDEBUG -DUSE_HAL_DRIVER -DSTM32F103xB -c -I../Core/Inc -I../Drivers/STM32F1xx_HAL_Driver/Inc/Legacy -I../Drivers/STM32F1xx_HAL_Driver/Inc -I../Drivers/CMSIS/Device/ST/STM32F1xx/Include -I../Drivers/CMSIS/Include -O0 -ffunction-sections -fdata-sections -Wall -fstack-usage -MMD -MP -MF"Core/Src/main.d" -MT"Core/Src/main.o" --specs=nano.specs -mfloat-abi=soft -mthumb -o "Core/Src/main.o"
arm-none-eabi-gcc -o "SPEEDV3.elf" @"objects.list"   -mcpu=cortex-m3 -T"C:\Users\LENOVO\Desktop\Robocon\SPEEDV3\STM32F103C8TX_FLASH.ld" --specs=nosys.specs -Wl,-Map="SPEEDV3.map" -Wl,--gc-sections -static --specs=nano.specs -mfloat-abi=soft -mthumb -Wl,--start-group -lc -lm -Wl,--end-group
Finished building target: SPEEDV3.elf
 
arm-none-eabi-size   SPEEDV3.elf 
arm-none-eabi-objdump -h -S  SPEEDV3.elf  > "SPEEDV3.list"
   text	   data	    bss	    dec	    hex	filename
  13320	     32	   1768	  15120	   3b10	SPEEDV3.elf
Finished building: default.size.stdout
 
Finished building: SPEEDV3.list
 
21:41:12 **** Incremental Build of configuration Debug for project SPEEDV3 ****
make -j16 all 
arm-none-eabi-gcc "../Core/Src/main.c" -mcpu=cortex-m3 -std=gnu11 -g3 -DDEBUG -DUSE_HAL_DRIVER -DSTM32F103xB -c -I../Core/Inc -I../Drivers/STM32F1xx_HAL_Driver/Inc/Legacy -I../Drivers/STM32F1xx_HAL_Driver/Inc -I../Drivers/CMSIS/Device/ST/STM32F1xx/Include -I../Drivers/CMSIS/Include -O0 -ffunction-sections -fdata-sections -Wall -fstack-usage -MMD -MP -MF"Core/Src/main.d" -MT"Core/Src/main.o" --specs=nano.specs -mfloat-abi=soft -mthumb -o "Core/Src/main.o"
arm-none-eabi-gcc -o "SPEEDV3.elf" @"objects.list"   -mcpu=cortex-m3 -T"C:\Users\LENOVO\Desktop\Robocon\SPEEDV3\STM32F103C8TX_FLASH.ld" --specs=nosys.specs -Wl,-Map="SPEEDV3.map" -Wl,--gc-sections -static --specs=nano.specs -mfloat-abi=soft -mthumb -Wl,--start-group -lc -lm -Wl,--end-group
Finished building target: SPEEDV3.elf
 
arm-none-eabi-size   SPEEDV3.elf 
arm-none-eabi-objdump -h -S  SPEEDV3.elf  > "SPEEDV3.list"
   text	   data	    bss	    dec	    hex	filename
  13320	     32	   1768	  15120	   3b10	SPEEDV3.elf
Finished building: default.size.stdout
 
Finished building: SPEEDV3.list
 
21:41:59 **** Incremental Build of configuration Debug for project SPEEDV3 ****
make -j16 all 
arm-none-eabi-gcc "../Core/Src/main.c" -mcpu=cortex-m3 -std=gnu11 -g3 -DDEBUG -DUSE_HAL_DRIVER -DSTM32F103xB -c -I../Core/Inc -I../Drivers/STM32F1xx_HAL_Driver/Inc/Legacy -I../Drivers/STM32F1xx_HAL_Driver/Inc -I../Drivers/CMSIS/Device/ST/STM32F1xx/Include -I../Drivers/CMSIS/Include -O0 -ffunction-sections -fdata-sections -Wall -fstack-usage -MMD -MP -MF"Core/Src/main.d" -MT"Core/Src/main.o" --specs=nano.specs -mfloat-abi=soft -mthumb -o "Core/Src/main.o"
arm-none-eabi-gcc -o "SPEEDV3.elf" @"objects.list"   -mcpu=cortex-m3 -T"C:\Users\LENOVO\Desktop\Robocon\SPEEDV3\STM32F103C8TX_FLASH.ld" --specs=nosys.specs -Wl,-Map="SPEEDV3.map" -Wl,--gc-sections -static --specs=nano.specs -mfloat-abi=soft -mthumb -Wl,--start-group -lc -lm -Wl,--end-group
Finished building target: SPEEDV3.elf
 
arm-none-eabi-size   SPEEDV3.elf 
arm-none-eabi-objdump -h -S  SPEEDV3.elf  > "SPEEDV3.list"
   text	   data	    bss	    dec	    hex	filename
  13320	     32	   1768	  15120	   3b10	SPEEDV3.elf
Finished building: default.size.stdout
 
Finished building: SPEEDV3.list
 
21:42:38 **** Incremental Build of configuration Debug for project SPEEDV3 ****
make -j16 all 
arm-none-eabi-gcc "../Core/Src/main.c" -mcpu=cortex-m3 -std=gnu11 -g3 -DDEBUG -DUSE_HAL_DRIVER -DSTM32F103xB -c -I../Core/Inc -I../Drivers/STM32F1xx_HAL_Driver/Inc/Legacy -I../Drivers/STM32F1xx_HAL_Driver/Inc -I../Drivers/CMSIS/Device/ST/STM32F1xx/Include -I../Drivers/CMSIS/Include -O0 -ffunction-sections -fdata-sections -Wall -fstack-usage -MMD -MP -MF"Core/Src/main.d" -MT"Core/Src/main.o" --specs=nano.specs -mfloat-abi=soft -mthumb -o "Core/Src/main.o"
arm-none-eabi-gcc -o "SPEEDV3.elf" @"objects.list"   -mcpu=cortex-m3 -T"C:\Users\LENOVO\Desktop\Robocon\SPEEDV3\STM32F103C8TX_FLASH.ld" --specs=nosys.specs -Wl,-Map="SPEEDV3.map" -Wl,--gc-sections -static --specs=nano.specs -mfloat-abi=soft -mthumb -Wl,--start-group -lc -lm -Wl,--end-group
Finished building target: SPEEDV3.elf
 
arm-none-eabi-size   SPEEDV3.elf 
arm-none-eabi-objdump -h -S  SPEEDV3.elf  > "SPEEDV3.list"
   text	   data	    bss	    dec	    hex	filename
  13320	     32	   1768	  15120	   3b10	SPEEDV3.elf
Finished building: default.size.stdout
 
Finished building: SPEEDV3.list
 
21:43:45 **** Incremental Build of configuration Debug for project SPEEDV3 ****
make -j16 all 
arm-none-eabi-gcc "../Core/Src/main.c" -mcpu=cortex-m3 -std=gnu11 -g3 -DDEBUG -DUSE_HAL_DRIVER -DSTM32F103xB -c -I../Core/Inc -I../Drivers/STM32F1xx_HAL_Driver/Inc/Legacy -I../Drivers/STM32F1xx_HAL_Driver/Inc -I../Drivers/CMSIS/Device/ST/STM32F1xx/Include -I../Drivers/CMSIS/Include -O0 -ffunction-sections -fdata-sections -Wall -fstack-usage -MMD -MP -MF"Core/Src/main.d" -MT"Core/Src/main.o" --specs=nano.specs -mfloat-abi=soft -mthumb -o "Core/Src/main.o"
arm-none-eabi-gcc -o "SPEEDV3.elf" @"objects.list"   -mcpu=cortex-m3 -T"C:\Users\LENOVO\Desktop\Robocon\SPEEDV3\STM32F103C8TX_FLASH.ld" --specs=nosys.specs -Wl,-Map="SPEEDV3.map" -Wl,--gc-sections -static --specs=nano.specs -mfloat-abi=soft -mthumb -Wl,--start-group -lc -lm -Wl,--end-group
Finished building target: SPEEDV3.elf
 
arm-none-eabi-size   SPEEDV3.elf 
arm-none-eabi-objdump -h -S  SPEEDV3.elf  > "SPEEDV3.list"
   text	   data	    bss	    dec	    hex	filename
  13320	     32	   1768	  15120	   3b10	SPEEDV3.elf
Finished building: default.size.stdout
 
Finished building: SPEEDV3.list
 
21:44:24 **** Incremental Build of configuration Debug for project SPEEDV3 ****
make -j16 all 
arm-none-eabi-gcc "../Core/Src/main.c" -mcpu=cortex-m3 -std=gnu11 -g3 -DDEBUG -DUSE_HAL_DRIVER -DSTM32F103xB -c -I../Core/Inc -I../Drivers/STM32F1xx_HAL_Driver/Inc/Legacy -I../Drivers/STM32F1xx_HAL_Driver/Inc -I../Drivers/CMSIS/Device/ST/STM32F1xx/Include -I../Drivers/CMSIS/Include -O0 -ffunction-sections -fdata-sections -Wall -fstack-usage -MMD -MP -MF"Core/Src/main.d" -MT"Core/Src/main.o" --specs=nano.specs -mfloat-abi=soft -mthumb -o "Core/Src/main.o"
arm-none-eabi-gcc -o "SPEEDV3.elf" @"objects.list"   -mcpu=cortex-m3 -T"C:\Users\LENOVO\Desktop\Robocon\SPEEDV3\STM32F103C8TX_FLASH.ld" --specs=nosys.specs -Wl,-Map="SPEEDV3.map" -Wl,--gc-sections -static --specs=nano.specs -mfloat-abi=soft -mthumb -Wl,--start-group -lc -lm -Wl,--end-group
Finished building target: SPEEDV3.elf
 
arm-none-eabi-size   SPEEDV3.elf 
arm-none-eabi-objdump -h -S  SPEEDV3.elf  > "SPEEDV3.list"
   text	   data	    bss	    dec	    hex	filename
  13320	     32	   1768	  15120	   3b10	SPEEDV3.elf
Finished building: default.size.stdout
 
Finished building: SPEEDV3.list
 
