11:51:55 **** Incremental Build of configuration Debug for project KY040_READ ****
make -j16 all 
arm-none-eabi-gcc "../Core/Src/main.c" -mcpu=cortex-m3 -std=gnu11 -g3 -DDEBUG -DUSE_HAL_DRIVER -DSTM32F103xB -c -I../Core/Inc -I../Drivers/STM32F1xx_HAL_Driver/Inc/Legacy -I../Drivers/STM32F1xx_HAL_Driver/Inc -I../Drivers/CMSIS/Device/ST/STM32F1xx/Include -I../Drivers/CMSIS/Include -O0 -ffunction-sections -fdata-sections -Wall -fstack-usage -MMD -MP -MF"Core/Src/main.d" -MT"Core/Src/main.o" --specs=nano.specs -mfloat-abi=soft -mthumb -o "Core/Src/main.o"
arm-none-eabi-gcc -o "KY040_READ.elf" @"objects.list"   -mcpu=cortex-m3 -T"C:\Users\LENOVO\Desktop\Robocon\KY040_READ\STM32F103C8TX_FLASH.ld" --specs=nosys.specs -Wl,-Map="KY040_READ.map" -Wl,--gc-sections -static --specs=nano.specs -mfloat-abi=soft -mthumb -Wl,--start-group -lc -lm -Wl,--end-group
Finished building target: KY040_READ.elf
 
arm-none-eabi-size   KY040_READ.elf 
arm-none-eabi-objdump -h -S  KY040_READ.elf  > "KY040_READ.list"
   text	   data	    bss	    dec	    hex	filename
  12016	     32	   1744	  13792	   35e0	KY040_READ.elf
Finished building: default.size.stdout
 
Finished building: KY040_READ.list
 

11:51:56 Build Finished. 0 errors, 0 warnings. (took 453ms)

