20:50:39 **** Incremental Build of configuration Debug for project SPEEDV5 ****
make -j16 all 
arm-none-eabi-gcc "../Core/Src/main.c" -mcpu=cortex-m3 -std=gnu11 -g3 -DDEBUG -DUSE_HAL_DRIVER -DSTM32F103xB -c -I../Core/Inc -I../Drivers/STM32F1xx_HAL_Driver/Inc/Legacy -I../Drivers/STM32F1xx_HAL_Driver/Inc -I../Drivers/CMSIS/Device/ST/STM32F1xx/Include -I../Drivers/CMSIS/Include -O0 -ffunction-sections -fdata-sections -Wall -fstack-usage -MMD -MP -MF"Core/Src/main.d" -MT"Core/Src/main.o" --specs=nano.specs -mfloat-abi=soft -mthumb -o "Core/Src/main.o"
arm-none-eabi-gcc -o "SPEEDV5.elf" @"objects.list"   -mcpu=cortex-m3 -T"C:\Users\LENOVO\Desktop\Robocon\SPEEDV5\STM32F103C8TX_FLASH.ld" --specs=nosys.specs -Wl,-Map="SPEEDV5.map" -Wl,--gc-sections -static --specs=nano.specs -mfloat-abi=soft -mthumb -Wl,--start-group -lc -lm -Wl,--end-group
Finished building target: SPEEDV5.elf
 
arm-none-eabi-size   SPEEDV5.elf 
arm-none-eabi-objdump -h -S  SPEEDV5.elf  > "SPEEDV5.list"
   text	   data	    bss	    dec	    hex	filename
   9128	     20	   1716	  10864	   2a70	SPEEDV5.elf
Finished building: default.size.stdout
 
Finished building: SPEEDV5.list
 

20:50:39 Build Finished. 0 errors, 0 warnings. (took 351ms)

